<html>
<body>
<pre>
<h1>礦ision Build Log</h1>
<h2>Tool Versions:</h2>
IDE-Version: μVision V5.28.0.0
Copyright (C) 2019 ARM Ltd and ARM Germany GmbH. All rights reserved.
License Information: 1 2371478179@qq.com, 1, LIC=QF82M-XW9A1-HLUCL-0W9MI-GL92L-6UCCB
 
Tool Versions:
Toolchain:       MDK-ARM Plus  Version: 5.28.0.0
Toolchain Path:  D:\FileData\Keil5\Keil_ARM\ARM\ARMCC\Bin
C Compiler:      Armcc.exe V5.06 update 6 (build 750)
Assembler:       Armasm.exe V5.06 update 6 (build 750)
Linker/Locator:  ArmLink.exe V5.06 update 6 (build 750)
Library Manager: ArmAr.exe V5.06 update 6 (build 750)
Hex Converter:   FromElf.exe V5.06 update 6 (build 750)
CPU DLL:         SARMCM3.DLL V5.28.0.0
Dialog DLL:      DCM.DLL V1.17.3.0
Target DLL:      Segger\JL2CM3.dll V2.97.0.0
Dialog DLL:      TCM.DLL V1.36.2.0
 
<h2>Project:</h2>
D:\我的工作台\2024-04 RM2024\控制\DIODE工程_代码 自定义控制器\MDK-ARM\Robot_Control.uvprojx
Project File Date:  04/10/2024

<h2>Output:</h2>
*** Using Compiler 'V5.06 update 6 (build 750)', folder: 'D:\FileData\Keil5\Keil_ARM\ARM\ARMCC\Bin'
Build target 'Robot_Control'
compiling main.c...
../Src/main.c(94): warning:  #177-D: variable "pitch_last"  was declared but never referenced
    float pitch_last[3]={0},roll_last[3]={0},yaw_last[3]={0}; 		    //欧拉角
../Src/main.c(94): warning:  #177-D: variable "roll_last"  was declared but never referenced
    float pitch_last[3]={0},roll_last[3]={0},yaw_last[3]={0}; 		    //欧拉角
../Src/main.c(94): warning:  #177-D: variable "yaw_last"  was declared but never referenced
    float pitch_last[3]={0},roll_last[3]={0},yaw_last[3]={0}; 		    //欧拉角
../Src/main.c(95): warning:  #177-D: variable "pitch_new"  was declared but never referenced
  	float pitch_new[3]={0},roll_new[3]={0},yaw_new[3]={0}; 		    //欧拉角
../Src/main.c(95): warning:  #177-D: variable "roll_new"  was declared but never referenced
  	float pitch_new[3]={0},roll_new[3]={0},yaw_new[3]={0}; 		    //欧拉角
../Src/main.c(95): warning:  #177-D: variable "yaw_new"  was declared but never referenced
  	float pitch_new[3]={0},roll_new[3]={0},yaw_new[3]={0}; 		    //欧拉角
../Src/main.c(96): warning:  #177-D: variable "pitch_more_new"  was declared but never referenced
  	float pitch_more_new[3]={0},roll_more_new[3]={0},yaw_more_new[3]={0}; 		    //欧拉角
../Src/main.c(96): warning:  #177-D: variable "roll_more_new"  was declared but never referenced
  	float pitch_more_new[3]={0},roll_more_new[3]={0},yaw_more_new[3]={0}; 		    //欧拉角
../Src/main.c(96): warning:  #177-D: variable "yaw_more_new"  was declared but never referenced
  	float pitch_more_new[3]={0},roll_more_new[3]={0},yaw_more_new[3]={0}; 		    //欧拉角
../Src/main.c(97): warning:  #177-D: variable "pitch_init"  was declared but never referenced
  	float pitch_init[3];
../Src/main.c(98): warning:  #177-D: variable "roll_init"  was declared but never referenced
  	float roll_init[3];
../Src/main.c(99): warning:  #177-D: variable "yaw_init"  was declared but never referenced
  	float yaw_init[3];
../Src/main.c: 12 warnings, 0 errors
linking...
Program Size: Code=25280 RO-data=3760 RW-data=120 ZI-data=2064  
"Robot_Control\Robot_Control.axf" - 0 Error(s), 12 Warning(s).

<h2>Software Packages used:</h2>

Package Vendor: ARM
                http://www.keil.com/pack/ARM.CMSIS.5.9.0.pack
                ARM.CMSIS.5.9.0
                CMSIS (Common Microcontroller Software Interface Standard)
   * Component: CORE Version: 5.6.0

Package Vendor: Keil
                https://www.keil.com/pack/Keil.STM32F1xx_DFP.2.4.1.pack
                Keil.STM32F1xx_DFP.2.4.1
                STMicroelectronics STM32F1 Series Device Support, Drivers and Examples

<h2>Collection of Component include folders:</h2>
  .\RTE\_Robot_Control
  D:\FileData\Keil5\Keil_ARM\ARM\CMSIS\5.9.0\CMSIS\Core\Include
  D:\FileData\Keil5\Keil_ARM\Keil\STM32F1xx_DFP\2.4.1\Device\Include

<h2>Collection of Component Files used:</h2>

   * Component: ARM::CMSIS:CORE:5.6.0
      Include file:  CMSIS\Core\Include\tz_context.h
Build Time Elapsed:  00:00:01
</pre>
</body>
</html>
