/*
 *  CMSIS Pack Debug Access Sequence Log
 *  File        : D:\我的工作台\RM2024\Robot_Control\MDK-ARM\Robot_Control_Sequences_0013.log
 *  Created     : 20:40:24 (19/01/2024)
 *  Device      : STM32F103C8
 *  PDSC File   : D:\FileData\Keil5\Keil_ARM\Keil\STM32F1xx_DFP\2.4.1\Keil.STM32F1xx_DFP.pdsc
 *  Config File : D:\我的工作台\RM2024\Robot_Control\MDK-ARM\DebugConfig\Robot_Control_STM32F103C8_1.0.0.dbgconf
 *
 */

[20:40:24.848]  **********  Sequence "DebugDeviceUnlock"  (Context="Connect", Pname="", info="")
[20:40:24.848]  
[20:40:24.849]  <debugvars>
[20:40:24.849]    __protocol=0x00010002   (Protocol="SWD", SWJ-DP="True")
[20:40:24.849]    __connection=0x00000201   (Connection Type="Debug", Reset Type="System Reset")
[20:40:24.849]    __dp=0x00000000
[20:40:24.849]    __ap=0x00000000
[20:40:24.849]    __traceout=0x00000000   (Trace Disabled)
[20:40:24.849]    __errorcontrol=0x00000000   (Skip Errors="False")
[20:40:24.849]    __FlashAddr=0x00000000
[20:40:24.849]    __FlashLen=0x00000000
[20:40:24.849]    __FlashArg=0x00000000
[20:40:24.849]    __FlashOp=0x00000000
[20:40:24.849]    __Result=0x00000000
[20:40:24.849]    DbgMCU_CR=0x00000007
[20:40:24.849]  </debugvars>
[20:40:24.850]  
[20:40:24.850]  <sequence name="DebugDeviceUnlock" Pname="" disable="false" info="">
[20:40:24.850]    <block atomic="false" info="">
[20:40:24.850]      Sequence("CheckID");
[20:40:24.850]        <sequence name="CheckID" Pname="" disable="false" info="">
[20:40:24.850]          <block atomic="false" info="">
[20:40:24.850]            __var pidr1 = 0;
[20:40:24.850]              // -> [pidr1 <= 0x00000000]
[20:40:24.850]            __var pidr2 = 0;
[20:40:24.850]              // -> [pidr2 <= 0x00000000]
[20:40:24.850]            __var jep106id = 0;
[20:40:24.850]              // -> [jep106id <= 0x00000000]
[20:40:24.850]            __var ROMTableBase = 0;
[20:40:24.850]              // -> [ROMTableBase <= 0x00000000]
[20:40:24.850]            __ap = 0;      // AHB-AP
[20:40:24.850]              // -> [__ap <= 0x00000000]
[20:40:24.850]            ROMTableBase = ReadAP(0xF8) & ~0x3;
[20:40:24.852]              // -> [ReadAP(0x000000F8) => 0xE00FF003] (__dp=0, __ap=0)
[20:40:24.852]              // -> [ROMTableBase <= 0xE00FF000]
[20:40:24.852]            pidr1 = Read32(ROMTableBase + 0x0FE4);
[20:40:24.856]              // -> [Read32(0xE00FFFE4) => 0x00000004] (__dp=0, __ap=0)
[20:40:24.856]              // -> [pidr1 <= 0x00000004]
[20:40:24.856]            pidr2 = Read32(ROMTableBase + 0x0FE8);
[20:40:24.859]              // -> [Read32(0xE00FFFE8) => 0x0000000A] (__dp=0, __ap=0)
[20:40:24.859]              // -> [pidr2 <= 0x0000000A]
[20:40:24.859]            jep106id = ((pidr2 & 0x7) << 4 ) | ((pidr1 >> 4) & 0xF);
[20:40:24.859]              // -> [jep106id <= 0x00000020]
[20:40:24.859]          </block>
[20:40:24.859]          <control if="jep106id != 0x20" while="" timeout="0" info="">
[20:40:24.859]            // if-block "jep106id != 0x20"
[20:40:24.859]              // =>  FALSE
[20:40:24.859]            // skip if-block "jep106id != 0x20"
[20:40:24.859]          </control>
[20:40:24.859]        </sequence>
[20:40:24.859]    </block>
[20:40:24.859]  </sequence>
[20:40:24.859]  
[20:40:24.901]  **********  Sequence "DebugCoreStart"  (Context="Connect", Pname="", info="")
[20:40:24.901]  
[20:40:24.901]  <debugvars>
[20:40:24.901]    __protocol=0x00010002   (Protocol="SWD", SWJ-DP="True")
[20:40:24.901]    __connection=0x00000201   (Connection Type="Debug", Reset Type="System Reset")
[20:40:24.901]    __dp=0x00000000
[20:40:24.901]    __ap=0x00000000
[20:40:24.901]    __traceout=0x00000000   (Trace Disabled)
[20:40:24.901]    __errorcontrol=0x00000000   (Skip Errors="False")
[20:40:24.901]    __FlashAddr=0x00000000
[20:40:24.901]    __FlashLen=0x00000000
[20:40:24.901]    __FlashArg=0x00000000
[20:40:24.902]    __FlashOp=0x00000000
[20:40:24.902]    __Result=0x00000000
[20:40:24.902]    DbgMCU_CR=0x00000007
[20:40:24.902]  </debugvars>
[20:40:24.902]  
[20:40:24.902]  <sequence name="DebugCoreStart" Pname="" disable="false" info="">
[20:40:24.902]    <block atomic="false" info="">
[20:40:24.902]      Write32(0xE000EDF0, 0xA05F0001);                                        // Enable Core Debug via DHCSR
[20:40:24.905]        // -> [Write32(0xE000EDF0, 0xA05F0001)] (__dp=0, __ap=0)
[20:40:24.905]      Write32(0xE0042004, DbgMCU_CR);                                         // DBGMCU_CR: Configure MCU Debug
[20:40:24.907]        // -> [Write32(0xE0042004, 0x00000007)] (__dp=0, __ap=0)
[20:40:24.907]    </block>
[20:40:24.907]  </sequence>
[20:40:24.908]  
[20:41:15.125]  **********  Sequence "DebugDeviceUnlock"  (Context="Connect", Pname="", info="")
[20:41:15.125]  
[20:41:15.126]  <debugvars>
[20:41:15.126]    __protocol=0x00010002   (Protocol="SWD", SWJ-DP="True")
[20:41:15.126]    __connection=0x00000202   (Connection Type="Flash", Reset Type="System Reset")
[20:41:15.126]    __dp=0x00000000
[20:41:15.126]    __ap=0x00000000
[20:41:15.126]    __traceout=0x00000000   (Trace Disabled)
[20:41:15.126]    __errorcontrol=0x00000000   (Skip Errors="False")
[20:41:15.126]    __FlashAddr=0x00000000
[20:41:15.126]    __FlashLen=0x00000000
[20:41:15.126]    __FlashArg=0x00000000
[20:41:15.126]    __FlashOp=0x00000000
[20:41:15.126]    __Result=0x00000000
[20:41:15.126]    DbgMCU_CR=0x00000007
[20:41:15.126]  </debugvars>
[20:41:15.126]  
[20:41:15.126]  <sequence name="DebugDeviceUnlock" Pname="" disable="false" info="">
[20:41:15.126]    <block atomic="false" info="">
[20:41:15.126]      Sequence("CheckID");
[20:41:15.127]        <sequence name="CheckID" Pname="" disable="false" info="">
[20:41:15.127]          <block atomic="false" info="">
[20:41:15.127]            __var pidr1 = 0;
[20:41:15.127]              // -> [pidr1 <= 0x00000000]
[20:41:15.127]            __var pidr2 = 0;
[20:41:15.127]              // -> [pidr2 <= 0x00000000]
[20:41:15.127]            __var jep106id = 0;
[20:41:15.127]              // -> [jep106id <= 0x00000000]
[20:41:15.127]            __var ROMTableBase = 0;
[20:41:15.127]              // -> [ROMTableBase <= 0x00000000]
[20:41:15.127]            __ap = 0;      // AHB-AP
[20:41:15.127]              // -> [__ap <= 0x00000000]
[20:41:15.127]            ROMTableBase = ReadAP(0xF8) & ~0x3;
[20:41:15.129]              // -> [ReadAP(0x000000F8) => 0xE00FF003] (__dp=0, __ap=0)
[20:41:15.129]              // -> [ROMTableBase <= 0xE00FF000]
[20:41:15.129]            pidr1 = Read32(ROMTableBase + 0x0FE4);
[20:41:15.133]              // -> [Read32(0xE00FFFE4) => 0x00000004] (__dp=0, __ap=0)
[20:41:15.134]              // -> [pidr1 <= 0x00000004]
[20:41:15.134]            pidr2 = Read32(ROMTableBase + 0x0FE8);
[20:41:15.136]              // -> [Read32(0xE00FFFE8) => 0x0000000A] (__dp=0, __ap=0)
[20:41:15.136]              // -> [pidr2 <= 0x0000000A]
[20:41:15.136]            jep106id = ((pidr2 & 0x7) << 4 ) | ((pidr1 >> 4) & 0xF);
[20:41:15.136]              // -> [jep106id <= 0x00000020]
[20:41:15.136]          </block>
[20:41:15.136]          <control if="jep106id != 0x20" while="" timeout="0" info="">
[20:41:15.137]            // if-block "jep106id != 0x20"
[20:41:15.137]              // =>  FALSE
[20:41:15.137]            // skip if-block "jep106id != 0x20"
[20:41:15.137]          </control>
[20:41:15.137]        </sequence>
[20:41:15.137]    </block>
[20:41:15.137]  </sequence>
[20:41:15.137]  
[20:41:15.177]  **********  Sequence "DebugCoreStart"  (Context="Connect", Pname="", info="")
[20:41:15.177]  
[20:41:15.178]  <debugvars>
[20:41:15.178]    __protocol=0x00010002   (Protocol="SWD", SWJ-DP="True")
[20:41:15.178]    __connection=0x00000202   (Connection Type="Flash", Reset Type="System Reset")
[20:41:15.178]    __dp=0x00000000
[20:41:15.179]    __ap=0x00000000
[20:41:15.179]    __traceout=0x00000000   (Trace Disabled)
[20:41:15.179]    __errorcontrol=0x00000000   (Skip Errors="False")
[20:41:15.179]    __FlashAddr=0x00000000
[20:41:15.179]    __FlashLen=0x00000000
[20:41:15.179]    __FlashArg=0x00000000
[20:41:15.179]    __FlashOp=0x00000000
[20:41:15.179]    __Result=0x00000000
[20:41:15.179]    DbgMCU_CR=0x00000007
[20:41:15.179]  </debugvars>
[20:41:15.179]  
[20:41:15.179]  <sequence name="DebugCoreStart" Pname="" disable="false" info="">
[20:41:15.180]    <block atomic="false" info="">
[20:41:15.180]      Write32(0xE000EDF0, 0xA05F0001);                                        // Enable Core Debug via DHCSR
[20:41:15.182]        // -> [Write32(0xE000EDF0, 0xA05F0001)] (__dp=0, __ap=0)
[20:41:15.182]      Write32(0xE0042004, DbgMCU_CR);                                         // DBGMCU_CR: Configure MCU Debug
[20:41:15.184]        // -> [Write32(0xE0042004, 0x00000007)] (__dp=0, __ap=0)
[20:41:15.184]    </block>
[20:41:15.184]  </sequence>
[20:41:15.184]  
[20:41:18.741]  **********  Sequence "DebugDeviceUnlock"  (Context="Connect", Pname="", info="")
[20:41:18.741]  
[20:41:18.742]  <debugvars>
[20:41:18.742]    __protocol=0x00010002   (Protocol="SWD", SWJ-DP="True")
[20:41:18.742]    __connection=0x00000201   (Connection Type="Debug", Reset Type="System Reset")
[20:41:18.742]    __dp=0x00000000
[20:41:18.742]    __ap=0x00000000
[20:41:18.742]    __traceout=0x00000000   (Trace Disabled)
[20:41:18.742]    __errorcontrol=0x00000000   (Skip Errors="False")
[20:41:18.742]    __FlashAddr=0x00000000
[20:41:18.742]    __FlashLen=0x00000000
[20:41:18.742]    __FlashArg=0x00000000
[20:41:18.743]    __FlashOp=0x00000000
[20:41:18.743]    __Result=0x00000000
[20:41:18.743]    DbgMCU_CR=0x00000007
[20:41:18.743]  </debugvars>
[20:41:18.743]  
[20:41:18.743]  <sequence name="DebugDeviceUnlock" Pname="" disable="false" info="">
[20:41:18.743]    <block atomic="false" info="">
[20:41:18.743]      Sequence("CheckID");
[20:41:18.743]        <sequence name="CheckID" Pname="" disable="false" info="">
[20:41:18.743]          <block atomic="false" info="">
[20:41:18.743]            __var pidr1 = 0;
[20:41:18.743]              // -> [pidr1 <= 0x00000000]
[20:41:18.743]            __var pidr2 = 0;
[20:41:18.743]              // -> [pidr2 <= 0x00000000]
[20:41:18.743]            __var jep106id = 0;
[20:41:18.743]              // -> [jep106id <= 0x00000000]
[20:41:18.743]            __var ROMTableBase = 0;
[20:41:18.743]              // -> [ROMTableBase <= 0x00000000]
[20:41:18.743]            __ap = 0;      // AHB-AP
[20:41:18.743]              // -> [__ap <= 0x00000000]
[20:41:18.744]            ROMTableBase = ReadAP(0xF8) & ~0x3;
[20:41:18.745]              // -> [ReadAP(0x000000F8) => 0xE00FF003] (__dp=0, __ap=0)
[20:41:18.746]              // -> [ROMTableBase <= 0xE00FF000]
[20:41:18.746]            pidr1 = Read32(ROMTableBase + 0x0FE4);
[20:41:18.749]              // -> [Read32(0xE00FFFE4) => 0x00000004] (__dp=0, __ap=0)
[20:41:18.749]              // -> [pidr1 <= 0x00000004]
[20:41:18.749]            pidr2 = Read32(ROMTableBase + 0x0FE8);
[20:41:18.752]              // -> [Read32(0xE00FFFE8) => 0x0000000A] (__dp=0, __ap=0)
[20:41:18.752]              // -> [pidr2 <= 0x0000000A]
[20:41:18.752]            jep106id = ((pidr2 & 0x7) << 4 ) | ((pidr1 >> 4) & 0xF);
[20:41:18.752]              // -> [jep106id <= 0x00000020]
[20:41:18.752]          </block>
[20:41:18.752]          <control if="jep106id != 0x20" while="" timeout="0" info="">
[20:41:18.752]            // if-block "jep106id != 0x20"
[20:41:18.752]              // =>  FALSE
[20:41:18.752]            // skip if-block "jep106id != 0x20"
[20:41:18.752]          </control>
[20:41:18.752]        </sequence>
[20:41:18.752]    </block>
[20:41:18.752]  </sequence>
[20:41:18.752]  
[20:41:18.801]  **********  Sequence "DebugCoreStart"  (Context="Connect", Pname="", info="")
[20:41:18.801]  
[20:41:18.802]  <debugvars>
[20:41:18.802]    __protocol=0x00010002   (Protocol="SWD", SWJ-DP="True")
[20:41:18.802]    __connection=0x00000201   (Connection Type="Debug", Reset Type="System Reset")
[20:41:18.802]    __dp=0x00000000
[20:41:18.802]    __ap=0x00000000
[20:41:18.802]    __traceout=0x00000000   (Trace Disabled)
[20:41:18.802]    __errorcontrol=0x00000000   (Skip Errors="False")
[20:41:18.802]    __FlashAddr=0x00000000
[20:41:18.802]    __FlashLen=0x00000000
[20:41:18.802]    __FlashArg=0x00000000
[20:41:18.802]    __FlashOp=0x00000000
[20:41:18.802]    __Result=0x00000000
[20:41:18.802]    DbgMCU_CR=0x00000007
[20:41:18.802]  </debugvars>
[20:41:18.802]  
[20:41:18.802]  <sequence name="DebugCoreStart" Pname="" disable="false" info="">
[20:41:18.802]    <block atomic="false" info="">
[20:41:18.803]      Write32(0xE000EDF0, 0xA05F0001);                                        // Enable Core Debug via DHCSR
[20:41:18.805]        // -> [Write32(0xE000EDF0, 0xA05F0001)] (__dp=0, __ap=0)
[20:41:18.805]      Write32(0xE0042004, DbgMCU_CR);                                         // DBGMCU_CR: Configure MCU Debug
[20:41:18.808]        // -> [Write32(0xE0042004, 0x00000007)] (__dp=0, __ap=0)
[20:41:18.808]    </block>
[20:41:18.808]  </sequence>
[20:41:18.808]  
[20:41:45.785]  **********  Sequence "DebugDeviceUnlock"  (Context="Connect", Pname="", info="")
[20:41:45.785]  
[20:41:45.785]  <debugvars>
[20:41:45.785]    __protocol=0x00010002   (Protocol="SWD", SWJ-DP="True")
[20:41:45.785]    __connection=0x00000202   (Connection Type="Flash", Reset Type="System Reset")
[20:41:45.786]    __dp=0x00000000
[20:41:45.786]    __ap=0x00000000
[20:41:45.786]    __traceout=0x00000000   (Trace Disabled)
[20:41:45.786]    __errorcontrol=0x00000000   (Skip Errors="False")
[20:41:45.786]    __FlashAddr=0x00000000
[20:41:45.786]    __FlashLen=0x00000000
[20:41:45.786]    __FlashArg=0x00000000
[20:41:45.786]    __FlashOp=0x00000000
[20:41:45.786]    __Result=0x00000000
[20:41:45.786]    DbgMCU_CR=0x00000007
[20:41:45.786]  </debugvars>
[20:41:45.786]  
[20:41:45.786]  <sequence name="DebugDeviceUnlock" Pname="" disable="false" info="">
[20:41:45.786]    <block atomic="false" info="">
[20:41:45.786]      Sequence("CheckID");
[20:41:45.786]        <sequence name="CheckID" Pname="" disable="false" info="">
[20:41:45.786]          <block atomic="false" info="">
[20:41:45.786]            __var pidr1 = 0;
[20:41:45.786]              // -> [pidr1 <= 0x00000000]
[20:41:45.786]            __var pidr2 = 0;
[20:41:45.787]              // -> [pidr2 <= 0x00000000]
[20:41:45.787]            __var jep106id = 0;
[20:41:45.787]              // -> [jep106id <= 0x00000000]
[20:41:45.787]            __var ROMTableBase = 0;
[20:41:45.787]              // -> [ROMTableBase <= 0x00000000]
[20:41:45.787]            __ap = 0;      // AHB-AP
[20:41:45.787]              // -> [__ap <= 0x00000000]
[20:41:45.787]            ROMTableBase = ReadAP(0xF8) & ~0x3;
[20:41:45.789]              // -> [ReadAP(0x000000F8) => 0xE00FF003] (__dp=0, __ap=0)
[20:41:45.789]              // -> [ROMTableBase <= 0xE00FF000]
[20:41:45.789]            pidr1 = Read32(ROMTableBase + 0x0FE4);
[20:41:45.793]              // -> [Read32(0xE00FFFE4) => 0x00000004] (__dp=0, __ap=0)
[20:41:45.793]              // -> [pidr1 <= 0x00000004]
[20:41:45.793]            pidr2 = Read32(ROMTableBase + 0x0FE8);
[20:41:45.795]              // -> [Read32(0xE00FFFE8) => 0x0000000A] (__dp=0, __ap=0)
[20:41:45.796]              // -> [pidr2 <= 0x0000000A]
[20:41:45.796]            jep106id = ((pidr2 & 0x7) << 4 ) | ((pidr1 >> 4) & 0xF);
[20:41:45.796]              // -> [jep106id <= 0x00000020]
[20:41:45.796]          </block>
[20:41:45.796]          <control if="jep106id != 0x20" while="" timeout="0" info="">
[20:41:45.796]            // if-block "jep106id != 0x20"
[20:41:45.796]              // =>  FALSE
[20:41:45.796]            // skip if-block "jep106id != 0x20"
[20:41:45.796]          </control>
[20:41:45.796]        </sequence>
[20:41:45.796]    </block>
[20:41:45.796]  </sequence>
[20:41:45.796]  
[20:41:45.842]  **********  Sequence "DebugCoreStart"  (Context="Connect", Pname="", info="")
[20:41:45.842]  
[20:41:45.842]  <debugvars>
[20:41:45.842]    __protocol=0x00010002   (Protocol="SWD", SWJ-DP="True")
[20:41:45.842]    __connection=0x00000202   (Connection Type="Flash", Reset Type="System Reset")
[20:41:45.842]    __dp=0x00000000
[20:41:45.842]    __ap=0x00000000
[20:41:45.842]    __traceout=0x00000000   (Trace Disabled)
[20:41:45.842]    __errorcontrol=0x00000000   (Skip Errors="False")
[20:41:45.842]    __FlashAddr=0x00000000
[20:41:45.842]    __FlashLen=0x00000000
[20:41:45.842]    __FlashArg=0x00000000
[20:41:45.843]    __FlashOp=0x00000000
[20:41:45.843]    __Result=0x00000000
[20:41:45.843]    DbgMCU_CR=0x00000007
[20:41:45.843]  </debugvars>
[20:41:45.843]  
[20:41:45.843]  <sequence name="DebugCoreStart" Pname="" disable="false" info="">
[20:41:45.843]    <block atomic="false" info="">
[20:41:45.843]      Write32(0xE000EDF0, 0xA05F0001);                                        // Enable Core Debug via DHCSR
[20:41:45.846]        // -> [Write32(0xE000EDF0, 0xA05F0001)] (__dp=0, __ap=0)
[20:41:45.846]      Write32(0xE0042004, DbgMCU_CR);                                         // DBGMCU_CR: Configure MCU Debug
[20:41:45.848]        // -> [Write32(0xE0042004, 0x00000007)] (__dp=0, __ap=0)
[20:41:45.848]    </block>
[20:41:45.848]  </sequence>
[20:41:45.848]  
[20:41:50.161]  **********  Sequence "DebugDeviceUnlock"  (Context="Connect", Pname="", info="")
[20:41:50.161]  
[20:41:50.162]  <debugvars>
[20:41:50.162]    __protocol=0x00010002   (Protocol="SWD", SWJ-DP="True")
[20:41:50.162]    __connection=0x00000201   (Connection Type="Debug", Reset Type="System Reset")
[20:41:50.162]    __dp=0x00000000
[20:41:50.162]    __ap=0x00000000
[20:41:50.162]    __traceout=0x00000000   (Trace Disabled)
[20:41:50.162]    __errorcontrol=0x00000000   (Skip Errors="False")
[20:41:50.162]    __FlashAddr=0x00000000
[20:41:50.162]    __FlashLen=0x00000000
[20:41:50.162]    __FlashArg=0x00000000
[20:41:50.162]    __FlashOp=0x00000000
[20:41:50.162]    __Result=0x00000000
[20:41:50.163]    DbgMCU_CR=0x00000007
[20:41:50.163]  </debugvars>
[20:41:50.163]  
[20:41:50.163]  <sequence name="DebugDeviceUnlock" Pname="" disable="false" info="">
[20:41:50.163]    <block atomic="false" info="">
[20:41:50.163]      Sequence("CheckID");
[20:41:50.163]        <sequence name="CheckID" Pname="" disable="false" info="">
[20:41:50.163]          <block atomic="false" info="">
[20:41:50.163]            __var pidr1 = 0;
[20:41:50.163]              // -> [pidr1 <= 0x00000000]
[20:41:50.163]            __var pidr2 = 0;
[20:41:50.163]              // -> [pidr2 <= 0x00000000]
[20:41:50.163]            __var jep106id = 0;
[20:41:50.163]              // -> [jep106id <= 0x00000000]
[20:41:50.163]            __var ROMTableBase = 0;
[20:41:50.163]              // -> [ROMTableBase <= 0x00000000]
[20:41:50.163]            __ap = 0;      // AHB-AP
[20:41:50.163]              // -> [__ap <= 0x00000000]
[20:41:50.163]            ROMTableBase = ReadAP(0xF8) & ~0x3;
[20:41:50.165]              // -> [ReadAP(0x000000F8) => 0xE00FF003] (__dp=0, __ap=0)
[20:41:50.166]              // -> [ROMTableBase <= 0xE00FF000]
[20:41:50.166]            pidr1 = Read32(ROMTableBase + 0x0FE4);
[20:41:50.169]              // -> [Read32(0xE00FFFE4) => 0x00000004] (__dp=0, __ap=0)
[20:41:50.169]              // -> [pidr1 <= 0x00000004]
[20:41:50.169]            pidr2 = Read32(ROMTableBase + 0x0FE8);
[20:41:50.171]              // -> [Read32(0xE00FFFE8) => 0x0000000A] (__dp=0, __ap=0)
[20:41:50.172]              // -> [pidr2 <= 0x0000000A]
[20:41:50.172]            jep106id = ((pidr2 & 0x7) << 4 ) | ((pidr1 >> 4) & 0xF);
[20:41:50.172]              // -> [jep106id <= 0x00000020]
[20:41:50.172]          </block>
[20:41:50.172]          <control if="jep106id != 0x20" while="" timeout="0" info="">
[20:41:50.172]            // if-block "jep106id != 0x20"
[20:41:50.172]              // =>  FALSE
[20:41:50.172]            // skip if-block "jep106id != 0x20"
[20:41:50.172]          </control>
[20:41:50.172]        </sequence>
[20:41:50.172]    </block>
[20:41:50.172]  </sequence>
[20:41:50.172]  
[20:41:50.212]  **********  Sequence "DebugCoreStart"  (Context="Connect", Pname="", info="")
[20:41:50.212]  
[20:41:50.212]  <debugvars>
[20:41:50.212]    __protocol=0x00010002   (Protocol="SWD", SWJ-DP="True")
[20:41:50.212]    __connection=0x00000201   (Connection Type="Debug", Reset Type="System Reset")
[20:41:50.212]    __dp=0x00000000
[20:41:50.212]    __ap=0x00000000
[20:41:50.212]    __traceout=0x00000000   (Trace Disabled)
[20:41:50.212]    __errorcontrol=0x00000000   (Skip Errors="False")
[20:41:50.212]    __FlashAddr=0x00000000
[20:41:50.212]    __FlashLen=0x00000000
[20:41:50.212]    __FlashArg=0x00000000
[20:41:50.212]    __FlashOp=0x00000000
[20:41:50.212]    __Result=0x00000000
[20:41:50.212]    DbgMCU_CR=0x00000007
[20:41:50.212]  </debugvars>
[20:41:50.213]  
[20:41:50.213]  <sequence name="DebugCoreStart" Pname="" disable="false" info="">
[20:41:50.213]    <block atomic="false" info="">
[20:41:50.213]      Write32(0xE000EDF0, 0xA05F0001);                                        // Enable Core Debug via DHCSR
[20:41:50.215]        // -> [Write32(0xE000EDF0, 0xA05F0001)] (__dp=0, __ap=0)
[20:41:50.215]      Write32(0xE0042004, DbgMCU_CR);                                         // DBGMCU_CR: Configure MCU Debug
[20:41:50.218]        // -> [Write32(0xE0042004, 0x00000007)] (__dp=0, __ap=0)
[20:41:50.218]    </block>
[20:41:50.218]  </sequence>
[20:41:50.218]  
[20:42:02.922]  **********  Sequence "DebugDeviceUnlock"  (Context="Connect", Pname="", info="")
[20:42:02.922]  
[20:42:02.923]  <debugvars>
[20:42:02.923]    __protocol=0x00010002   (Protocol="SWD", SWJ-DP="True")
[20:42:02.923]    __connection=0x00000202   (Connection Type="Flash", Reset Type="System Reset")
[20:42:02.923]    __dp=0x00000000
[20:42:02.923]    __ap=0x00000000
[20:42:02.923]    __traceout=0x00000000   (Trace Disabled)
[20:42:02.923]    __errorcontrol=0x00000000   (Skip Errors="False")
[20:42:02.923]    __FlashAddr=0x00000000
[20:42:02.923]    __FlashLen=0x00000000
[20:42:02.923]    __FlashArg=0x00000000
[20:42:02.923]    __FlashOp=0x00000000
[20:42:02.923]    __Result=0x00000000
[20:42:02.923]    DbgMCU_CR=0x00000007
[20:42:02.923]  </debugvars>
[20:42:02.923]  
[20:42:02.923]  <sequence name="DebugDeviceUnlock" Pname="" disable="false" info="">
[20:42:02.923]    <block atomic="false" info="">
[20:42:02.924]      Sequence("CheckID");
[20:42:02.924]        <sequence name="CheckID" Pname="" disable="false" info="">
[20:42:02.924]          <block atomic="false" info="">
[20:42:02.924]            __var pidr1 = 0;
[20:42:02.924]              // -> [pidr1 <= 0x00000000]
[20:42:02.924]            __var pidr2 = 0;
[20:42:02.924]              // -> [pidr2 <= 0x00000000]
[20:42:02.924]            __var jep106id = 0;
[20:42:02.924]              // -> [jep106id <= 0x00000000]
[20:42:02.924]            __var ROMTableBase = 0;
[20:42:02.924]              // -> [ROMTableBase <= 0x00000000]
[20:42:02.924]            __ap = 0;      // AHB-AP
[20:42:02.924]              // -> [__ap <= 0x00000000]
[20:42:02.924]            ROMTableBase = ReadAP(0xF8) & ~0x3;
[20:42:02.925]              // -> [ReadAP(0x000000F8) => 0xE00FF003] (__dp=0, __ap=0)
[20:42:02.925]              // -> [ROMTableBase <= 0xE00FF000]
[20:42:02.925]            pidr1 = Read32(ROMTableBase + 0x0FE4);
[20:42:02.929]              // -> [Read32(0xE00FFFE4) => 0x00000004] (__dp=0, __ap=0)
[20:42:02.929]              // -> [pidr1 <= 0x00000004]
[20:42:02.929]            pidr2 = Read32(ROMTableBase + 0x0FE8);
[20:42:02.932]              // -> [Read32(0xE00FFFE8) => 0x0000000A] (__dp=0, __ap=0)
[20:42:02.932]              // -> [pidr2 <= 0x0000000A]
[20:42:02.932]            jep106id = ((pidr2 & 0x7) << 4 ) | ((pidr1 >> 4) & 0xF);
[20:42:02.932]              // -> [jep106id <= 0x00000020]
[20:42:02.932]          </block>
[20:42:02.932]          <control if="jep106id != 0x20" while="" timeout="0" info="">
[20:42:02.932]            // if-block "jep106id != 0x20"
[20:42:02.932]              // =>  FALSE
[20:42:02.932]            // skip if-block "jep106id != 0x20"
[20:42:02.932]          </control>
[20:42:02.932]        </sequence>
[20:42:02.932]    </block>
[20:42:02.932]  </sequence>
[20:42:02.932]  
[20:42:02.977]  **********  Sequence "DebugCoreStart"  (Context="Connect", Pname="", info="")
[20:42:02.977]  
[20:42:02.977]  <debugvars>
[20:42:02.977]    __protocol=0x00010002   (Protocol="SWD", SWJ-DP="True")
[20:42:02.977]    __connection=0x00000202   (Connection Type="Flash", Reset Type="System Reset")
[20:42:02.977]    __dp=0x00000000
[20:42:02.977]    __ap=0x00000000
[20:42:02.977]    __traceout=0x00000000   (Trace Disabled)
[20:42:02.977]    __errorcontrol=0x00000000   (Skip Errors="False")
[20:42:02.977]    __FlashAddr=0x00000000
[20:42:02.977]    __FlashLen=0x00000000
[20:42:02.977]    __FlashArg=0x00000000
[20:42:02.977]    __FlashOp=0x00000000
[20:42:02.977]    __Result=0x00000000
[20:42:02.977]    DbgMCU_CR=0x00000007
[20:42:02.977]  </debugvars>
[20:42:02.977]  
[20:42:02.977]  <sequence name="DebugCoreStart" Pname="" disable="false" info="">
[20:42:02.978]    <block atomic="false" info="">
[20:42:02.978]      Write32(0xE000EDF0, 0xA05F0001);                                        // Enable Core Debug via DHCSR
[20:42:02.980]        // -> [Write32(0xE000EDF0, 0xA05F0001)] (__dp=0, __ap=0)
[20:42:02.980]      Write32(0xE0042004, DbgMCU_CR);                                         // DBGMCU_CR: Configure MCU Debug
[20:42:02.983]        // -> [Write32(0xE0042004, 0x00000007)] (__dp=0, __ap=0)
[20:42:02.983]    </block>
[20:42:02.983]  </sequence>
[20:42:02.983]  
[20:42:06.526]  **********  Sequence "DebugDeviceUnlock"  (Context="Connect", Pname="", info="")
[20:42:06.526]  
[20:42:06.527]  <debugvars>
[20:42:06.527]    __protocol=0x00010002   (Protocol="SWD", SWJ-DP="True")
[20:42:06.527]    __connection=0x00000201   (Connection Type="Debug", Reset Type="System Reset")
[20:42:06.527]    __dp=0x00000000
[20:42:06.528]    __ap=0x00000000
[20:42:06.528]    __traceout=0x00000000   (Trace Disabled)
[20:42:06.528]    __errorcontrol=0x00000000   (Skip Errors="False")
[20:42:06.528]    __FlashAddr=0x00000000
[20:42:06.528]    __FlashLen=0x00000000
[20:42:06.528]    __FlashArg=0x00000000
[20:42:06.528]    __FlashOp=0x00000000
[20:42:06.528]    __Result=0x00000000
[20:42:06.528]    DbgMCU_CR=0x00000007
[20:42:06.528]  </debugvars>
[20:42:06.528]  
[20:42:06.528]  <sequence name="DebugDeviceUnlock" Pname="" disable="false" info="">
[20:42:06.528]    <block atomic="false" info="">
[20:42:06.528]      Sequence("CheckID");
[20:42:06.528]        <sequence name="CheckID" Pname="" disable="false" info="">
[20:42:06.529]          <block atomic="false" info="">
[20:42:06.529]            __var pidr1 = 0;
[20:42:06.529]              // -> [pidr1 <= 0x00000000]
[20:42:06.529]            __var pidr2 = 0;
[20:42:06.529]              // -> [pidr2 <= 0x00000000]
[20:42:06.529]            __var jep106id = 0;
[20:42:06.529]              // -> [jep106id <= 0x00000000]
[20:42:06.529]            __var ROMTableBase = 0;
[20:42:06.529]              // -> [ROMTableBase <= 0x00000000]
[20:42:06.529]            __ap = 0;      // AHB-AP
[20:42:06.529]              // -> [__ap <= 0x00000000]
[20:42:06.529]            ROMTableBase = ReadAP(0xF8) & ~0x3;
[20:42:06.531]              // -> [ReadAP(0x000000F8) => 0xE00FF003] (__dp=0, __ap=0)
[20:42:06.531]              // -> [ROMTableBase <= 0xE00FF000]
[20:42:06.531]            pidr1 = Read32(ROMTableBase + 0x0FE4);
[20:42:06.535]              // -> [Read32(0xE00FFFE4) => 0x00000004] (__dp=0, __ap=0)
[20:42:06.536]              // -> [pidr1 <= 0x00000004]
[20:42:06.536]            pidr2 = Read32(ROMTableBase + 0x0FE8);
[20:42:06.538]              // -> [Read32(0xE00FFFE8) => 0x0000000A] (__dp=0, __ap=0)
[20:42:06.538]              // -> [pidr2 <= 0x0000000A]
[20:42:06.538]            jep106id = ((pidr2 & 0x7) << 4 ) | ((pidr1 >> 4) & 0xF);
[20:42:06.538]              // -> [jep106id <= 0x00000020]
[20:42:06.538]          </block>
[20:42:06.539]          <control if="jep106id != 0x20" while="" timeout="0" info="">
[20:42:06.539]            // if-block "jep106id != 0x20"
[20:42:06.539]              // =>  FALSE
[20:42:06.539]            // skip if-block "jep106id != 0x20"
[20:42:06.539]          </control>
[20:42:06.539]        </sequence>
[20:42:06.539]    </block>
[20:42:06.539]  </sequence>
[20:42:06.539]  
[20:42:06.581]  **********  Sequence "DebugCoreStart"  (Context="Connect", Pname="", info="")
[20:42:06.581]  
[20:42:06.582]  <debugvars>
[20:42:06.582]    __protocol=0x00010002   (Protocol="SWD", SWJ-DP="True")
[20:42:06.582]    __connection=0x00000201   (Connection Type="Debug", Reset Type="System Reset")
[20:42:06.582]    __dp=0x00000000
[20:42:06.582]    __ap=0x00000000
[20:42:06.582]    __traceout=0x00000000   (Trace Disabled)
[20:42:06.582]    __errorcontrol=0x00000000   (Skip Errors="False")
[20:42:06.582]    __FlashAddr=0x00000000
[20:42:06.582]    __FlashLen=0x00000000
[20:42:06.582]    __FlashArg=0x00000000
[20:42:06.582]    __FlashOp=0x00000000
[20:42:06.582]    __Result=0x00000000
[20:42:06.582]    DbgMCU_CR=0x00000007
[20:42:06.582]  </debugvars>
[20:42:06.582]  
[20:42:06.582]  <sequence name="DebugCoreStart" Pname="" disable="false" info="">
[20:42:06.582]    <block atomic="false" info="">
[20:42:06.583]      Write32(0xE000EDF0, 0xA05F0001);                                        // Enable Core Debug via DHCSR
[20:42:06.585]        // -> [Write32(0xE000EDF0, 0xA05F0001)] (__dp=0, __ap=0)
[20:42:06.585]      Write32(0xE0042004, DbgMCU_CR);                                         // DBGMCU_CR: Configure MCU Debug
[20:42:06.588]        // -> [Write32(0xE0042004, 0x00000007)] (__dp=0, __ap=0)
[20:42:06.588]    </block>
[20:42:06.588]  </sequence>
[20:42:06.588]  
[21:00:19.715]  **********  Sequence "DebugDeviceUnlock"  (Context="Connect", Pname="", info="")
[21:00:19.715]  
[21:00:19.715]  <debugvars>
[21:00:19.716]    __protocol=0x00010002   (Protocol="SWD", SWJ-DP="True")
[21:00:19.716]    __connection=0x00000201   (Connection Type="Debug", Reset Type="System Reset")
[21:00:19.716]    __dp=0x00000000
[21:00:19.716]    __ap=0x00000000
[21:00:19.716]    __traceout=0x00000000   (Trace Disabled)
[21:00:19.716]    __errorcontrol=0x00000000   (Skip Errors="False")
[21:00:19.716]    __FlashAddr=0x00000000
[21:00:19.716]    __FlashLen=0x00000000
[21:00:19.716]    __FlashArg=0x00000000
[21:00:19.716]    __FlashOp=0x00000000
[21:00:19.716]    __Result=0x00000000
[21:00:19.717]    DbgMCU_CR=0x00000007
[21:00:19.717]  </debugvars>
[21:00:19.717]  
[21:00:19.717]  <sequence name="DebugDeviceUnlock" Pname="" disable="false" info="">
[21:00:19.717]    <block atomic="false" info="">
[21:00:19.717]      Sequence("CheckID");
[21:00:19.717]        <sequence name="CheckID" Pname="" disable="false" info="">
[21:00:19.717]          <block atomic="false" info="">
[21:00:19.717]            __var pidr1 = 0;
[21:00:19.717]              // -> [pidr1 <= 0x00000000]
[21:00:19.717]            __var pidr2 = 0;
[21:00:19.717]              // -> [pidr2 <= 0x00000000]
[21:00:19.717]            __var jep106id = 0;
[21:00:19.717]              // -> [jep106id <= 0x00000000]
[21:00:19.717]            __var ROMTableBase = 0;
[21:00:19.717]              // -> [ROMTableBase <= 0x00000000]
[21:00:19.718]            __ap = 0;      // AHB-AP
[21:00:19.718]              // -> [__ap <= 0x00000000]
[21:00:19.718]            ROMTableBase = ReadAP(0xF8) & ~0x3;
[21:00:19.720]              // -> [ReadAP(0x000000F8) => 0xE00FF003] (__dp=0, __ap=0)
[21:00:19.720]              // -> [ROMTableBase <= 0xE00FF000]
[21:00:19.720]            pidr1 = Read32(ROMTableBase + 0x0FE4);
[21:00:19.723]              // -> [Read32(0xE00FFFE4) => 0x00000004] (__dp=0, __ap=0)
[21:00:19.723]              // -> [pidr1 <= 0x00000004]
[21:00:19.723]            pidr2 = Read32(ROMTableBase + 0x0FE8);
[21:00:19.726]              // -> [Read32(0xE00FFFE8) => 0x0000000A] (__dp=0, __ap=0)
[21:00:19.726]              // -> [pidr2 <= 0x0000000A]
[21:00:19.726]            jep106id = ((pidr2 & 0x7) << 4 ) | ((pidr1 >> 4) & 0xF);
[21:00:19.726]              // -> [jep106id <= 0x00000020]
[21:00:19.726]          </block>
[21:00:19.726]          <control if="jep106id != 0x20" while="" timeout="0" info="">
[21:00:19.726]            // if-block "jep106id != 0x20"
[21:00:19.726]              // =>  FALSE
[21:00:19.726]            // skip if-block "jep106id != 0x20"
[21:00:19.726]          </control>
[21:00:19.726]        </sequence>
[21:00:19.726]    </block>
[21:00:19.726]  </sequence>
[21:00:19.726]  
[21:00:19.771]  **********  Sequence "DebugCoreStart"  (Context="Connect", Pname="", info="")
[21:00:19.771]  
[21:00:19.771]  <debugvars>
[21:00:19.771]    __protocol=0x00010002   (Protocol="SWD", SWJ-DP="True")
[21:00:19.771]    __connection=0x00000201   (Connection Type="Debug", Reset Type="System Reset")
[21:00:19.771]    __dp=0x00000000
[21:00:19.771]    __ap=0x00000000
[21:00:19.772]    __traceout=0x00000000   (Trace Disabled)
[21:00:19.772]    __errorcontrol=0x00000000   (Skip Errors="False")
[21:00:19.772]    __FlashAddr=0x00000000
[21:00:19.772]    __FlashLen=0x00000000
[21:00:19.772]    __FlashArg=0x00000000
[21:00:19.772]    __FlashOp=0x00000000
[21:00:19.772]    __Result=0x00000000
[21:00:19.772]    DbgMCU_CR=0x00000007
[21:00:19.772]  </debugvars>
[21:00:19.772]  
[21:00:19.772]  <sequence name="DebugCoreStart" Pname="" disable="false" info="">
[21:00:19.772]    <block atomic="false" info="">
[21:00:19.773]      Write32(0xE000EDF0, 0xA05F0001);                                        // Enable Core Debug via DHCSR
[21:00:19.775]        // -> [Write32(0xE000EDF0, 0xA05F0001)] (__dp=0, __ap=0)
[21:00:19.775]      Write32(0xE0042004, DbgMCU_CR);                                         // DBGMCU_CR: Configure MCU Debug
[21:00:19.778]        // -> [Write32(0xE0042004, 0x00000007)] (__dp=0, __ap=0)
[21:00:19.778]    </block>
[21:00:19.778]  </sequence>
[21:00:19.778]  
