/*
 *  CMSIS Pack Debug Access Sequence Log
 *  File        : D:\我的工作台\RM2024\Robot_Control\MDK-ARM\Robot_Control_Sequences_0012.log
 *  Created     : 15:21:48 (18/01/2024)
 *  Device      : STM32F103C8
 *  PDSC File   : D:\FileData\Keil5\Keil_ARM\Keil\STM32F1xx_DFP\2.4.1\Keil.STM32F1xx_DFP.pdsc
 *  Config File : D:\我的工作台\RM2024\Robot_Control\MDK-ARM\DebugConfig\Robot_Control_STM32F103C8_1.0.0.dbgconf
 *
 */

[15:21:48.831]  **********  Sequence "DebugDeviceUnlock"  (Context="Connect", Pname="", info="")
[15:21:48.831]  
[15:21:48.833]  <debugvars>
[15:21:48.833]    __protocol=0x00010002   (Protocol="SWD", SWJ-DP="True")
[15:21:48.833]    __connection=0x00000201   (Connection Type="Debug", Reset Type="System Reset")
[15:21:48.833]    __dp=0x00000000
[15:21:48.833]    __ap=0x00000000
[15:21:48.833]    __traceout=0x00000000   (Trace Disabled)
[15:21:48.833]    __errorcontrol=0x00000000   (Skip Errors="False")
[15:21:48.833]    __FlashAddr=0x00000000
[15:21:48.833]    __FlashLen=0x00000000
[15:21:48.833]    __FlashArg=0x00000000
[15:21:48.833]    __FlashOp=0x00000000
[15:21:48.833]    __Result=0x00000000
[15:21:48.833]    DbgMCU_CR=0x00000007
[15:21:48.833]  </debugvars>
[15:21:48.833]  
[15:21:48.833]  <sequence name="DebugDeviceUnlock" Pname="" disable="false" info="">
[15:21:48.833]    <block atomic="false" info="">
[15:21:48.833]      Sequence("CheckID");
[15:21:48.833]        <sequence name="CheckID" Pname="" disable="false" info="">
[15:21:48.833]          <block atomic="false" info="">
[15:21:48.833]            __var pidr1 = 0;
[15:21:48.833]              // -> [pidr1 <= 0x00000000]
[15:21:48.833]            __var pidr2 = 0;
[15:21:48.833]              // -> [pidr2 <= 0x00000000]
[15:21:48.834]            __var jep106id = 0;
[15:21:48.834]              // -> [jep106id <= 0x00000000]
[15:21:48.834]            __var ROMTableBase = 0;
[15:21:48.834]              // -> [ROMTableBase <= 0x00000000]
[15:21:48.834]            __ap = 0;      // AHB-AP
[15:21:48.834]              // -> [__ap <= 0x00000000]
[15:21:48.834]            ROMTableBase = ReadAP(0xF8) & ~0x3;
[15:21:48.836]              // -> [ReadAP(0x000000F8) => 0xE00FF003] (__dp=0, __ap=0)
[15:21:48.836]              // -> [ROMTableBase <= 0xE00FF000]
[15:21:48.836]            pidr1 = Read32(ROMTableBase + 0x0FE4);
[15:21:48.839]              // -> [Read32(0xE00FFFE4) => 0x00000004] (__dp=0, __ap=0)
[15:21:48.839]              // -> [pidr1 <= 0x00000004]
[15:21:48.839]            pidr2 = Read32(ROMTableBase + 0x0FE8);
[15:21:48.842]              // -> [Read32(0xE00FFFE8) => 0x0000000A] (__dp=0, __ap=0)
[15:21:48.842]              // -> [pidr2 <= 0x0000000A]
[15:21:48.842]            jep106id = ((pidr2 & 0x7) << 4 ) | ((pidr1 >> 4) & 0xF);
[15:21:48.842]              // -> [jep106id <= 0x00000020]
[15:21:48.842]          </block>
[15:21:48.842]          <control if="jep106id != 0x20" while="" timeout="0" info="">
[15:21:48.842]            // if-block "jep106id != 0x20"
[15:21:48.842]              // =>  FALSE
[15:21:48.842]            // skip if-block "jep106id != 0x20"
[15:21:48.842]          </control>
[15:21:48.842]        </sequence>
[15:21:48.842]    </block>
[15:21:48.842]  </sequence>
[15:21:48.842]  
[15:21:48.886]  **********  Sequence "DebugCoreStart"  (Context="Connect", Pname="", info="")
[15:21:48.886]  
[15:21:48.886]  <debugvars>
[15:21:48.886]    __protocol=0x00010002   (Protocol="SWD", SWJ-DP="True")
[15:21:48.886]    __connection=0x00000201   (Connection Type="Debug", Reset Type="System Reset")
[15:21:48.886]    __dp=0x00000000
[15:21:48.887]    __ap=0x00000000
[15:21:48.887]    __traceout=0x00000000   (Trace Disabled)
[15:21:48.887]    __errorcontrol=0x00000000   (Skip Errors="False")
[15:21:48.887]    __FlashAddr=0x00000000
[15:21:48.887]    __FlashLen=0x00000000
[15:21:48.887]    __FlashArg=0x00000000
[15:21:48.887]    __FlashOp=0x00000000
[15:21:48.887]    __Result=0x00000000
[15:21:48.887]    DbgMCU_CR=0x00000007
[15:21:48.887]  </debugvars>
[15:21:48.887]  
[15:21:48.887]  <sequence name="DebugCoreStart" Pname="" disable="false" info="">
[15:21:48.887]    <block atomic="false" info="">
[15:21:48.887]      Write32(0xE000EDF0, 0xA05F0001);                                        // Enable Core Debug via DHCSR
[15:21:48.890]        // -> [Write32(0xE000EDF0, 0xA05F0001)] (__dp=0, __ap=0)
[15:21:48.890]      Write32(0xE0042004, DbgMCU_CR);                                         // DBGMCU_CR: Configure MCU Debug
[15:21:48.893]        // -> [Write32(0xE0042004, 0x00000007)] (__dp=0, __ap=0)
[15:21:48.893]    </block>
[15:21:48.893]  </sequence>
[15:21:48.893]  
[15:22:29.387]  **********  Sequence "DebugDeviceUnlock"  (Context="Connect", Pname="", info="")
[15:22:29.387]  
[15:22:29.388]  <debugvars>
[15:22:29.388]    __protocol=0x00010002   (Protocol="SWD", SWJ-DP="True")
[15:22:29.388]    __connection=0x00000202   (Connection Type="Flash", Reset Type="System Reset")
[15:22:29.388]    __dp=0x00000000
[15:22:29.388]    __ap=0x00000000
[15:22:29.388]    __traceout=0x00000000   (Trace Disabled)
[15:22:29.388]    __errorcontrol=0x00000000   (Skip Errors="False")
[15:22:29.389]    __FlashAddr=0x00000000
[15:22:29.389]    __FlashLen=0x00000000
[15:22:29.389]    __FlashArg=0x00000000
[15:22:29.389]    __FlashOp=0x00000000
[15:22:29.389]    __Result=0x00000000
[15:22:29.389]    DbgMCU_CR=0x00000007
[15:22:29.389]  </debugvars>
[15:22:29.389]  
[15:22:29.389]  <sequence name="DebugDeviceUnlock" Pname="" disable="false" info="">
[15:22:29.389]    <block atomic="false" info="">
[15:22:29.389]      Sequence("CheckID");
[15:22:29.389]        <sequence name="CheckID" Pname="" disable="false" info="">
[15:22:29.389]          <block atomic="false" info="">
[15:22:29.389]            __var pidr1 = 0;
[15:22:29.389]              // -> [pidr1 <= 0x00000000]
[15:22:29.389]            __var pidr2 = 0;
[15:22:29.389]              // -> [pidr2 <= 0x00000000]
[15:22:29.389]            __var jep106id = 0;
[15:22:29.389]              // -> [jep106id <= 0x00000000]
[15:22:29.389]            __var ROMTableBase = 0;
[15:22:29.389]              // -> [ROMTableBase <= 0x00000000]
[15:22:29.389]            __ap = 0;      // AHB-AP
[15:22:29.389]              // -> [__ap <= 0x00000000]
[15:22:29.390]            ROMTableBase = ReadAP(0xF8) & ~0x3;
[15:22:29.391]              // -> [ReadAP(0x000000F8) => 0xE00FF003] (__dp=0, __ap=0)
[15:22:29.391]              // -> [ROMTableBase <= 0xE00FF000]
[15:22:29.391]            pidr1 = Read32(ROMTableBase + 0x0FE4);
[15:22:29.395]              // -> [Read32(0xE00FFFE4) => 0x00000004] (__dp=0, __ap=0)
[15:22:29.396]              // -> [pidr1 <= 0x00000004]
[15:22:29.396]            pidr2 = Read32(ROMTableBase + 0x0FE8);
[15:22:29.398]              // -> [Read32(0xE00FFFE8) => 0x0000000A] (__dp=0, __ap=0)
[15:22:29.398]              // -> [pidr2 <= 0x0000000A]
[15:22:29.398]            jep106id = ((pidr2 & 0x7) << 4 ) | ((pidr1 >> 4) & 0xF);
[15:22:29.398]              // -> [jep106id <= 0x00000020]
[15:22:29.398]          </block>
[15:22:29.398]          <control if="jep106id != 0x20" while="" timeout="0" info="">
[15:22:29.398]            // if-block "jep106id != 0x20"
[15:22:29.399]              // =>  FALSE
[15:22:29.399]            // skip if-block "jep106id != 0x20"
[15:22:29.399]          </control>
[15:22:29.399]        </sequence>
[15:22:29.399]    </block>
[15:22:29.399]  </sequence>
[15:22:29.399]  
[15:22:29.444]  **********  Sequence "DebugCoreStart"  (Context="Connect", Pname="", info="")
[15:22:29.444]  
[15:22:29.444]  <debugvars>
[15:22:29.444]    __protocol=0x00010002   (Protocol="SWD", SWJ-DP="True")
[15:22:29.444]    __connection=0x00000202   (Connection Type="Flash", Reset Type="System Reset")
[15:22:29.444]    __dp=0x00000000
[15:22:29.444]    __ap=0x00000000
[15:22:29.444]    __traceout=0x00000000   (Trace Disabled)
[15:22:29.444]    __errorcontrol=0x00000000   (Skip Errors="False")
[15:22:29.444]    __FlashAddr=0x00000000
[15:22:29.444]    __FlashLen=0x00000000
[15:22:29.444]    __FlashArg=0x00000000
[15:22:29.444]    __FlashOp=0x00000000
[15:22:29.444]    __Result=0x00000000
[15:22:29.444]    DbgMCU_CR=0x00000007
[15:22:29.444]  </debugvars>
[15:22:29.445]  
[15:22:29.445]  <sequence name="DebugCoreStart" Pname="" disable="false" info="">
[15:22:29.445]    <block atomic="false" info="">
[15:22:29.445]      Write32(0xE000EDF0, 0xA05F0001);                                        // Enable Core Debug via DHCSR
[15:22:29.447]        // -> [Write32(0xE000EDF0, 0xA05F0001)] (__dp=0, __ap=0)
[15:22:29.447]      Write32(0xE0042004, DbgMCU_CR);                                         // DBGMCU_CR: Configure MCU Debug
[15:22:29.450]        // -> [Write32(0xE0042004, 0x00000007)] (__dp=0, __ap=0)
[15:22:29.450]    </block>
[15:22:29.450]  </sequence>
[15:22:29.450]  
[15:22:33.823]  **********  Sequence "DebugDeviceUnlock"  (Context="Connect", Pname="", info="")
[15:22:33.823]  
[15:22:33.824]  <debugvars>
[15:22:33.824]    __protocol=0x00010002   (Protocol="SWD", SWJ-DP="True")
[15:22:33.824]    __connection=0x00000201   (Connection Type="Debug", Reset Type="System Reset")
[15:22:33.824]    __dp=0x00000000
[15:22:33.824]    __ap=0x00000000
[15:22:33.824]    __traceout=0x00000000   (Trace Disabled)
[15:22:33.824]    __errorcontrol=0x00000000   (Skip Errors="False")
[15:22:33.824]    __FlashAddr=0x00000000
[15:22:33.824]    __FlashLen=0x00000000
[15:22:33.824]    __FlashArg=0x00000000
[15:22:33.824]    __FlashOp=0x00000000
[15:22:33.824]    __Result=0x00000000
[15:22:33.824]    DbgMCU_CR=0x00000007
[15:22:33.824]  </debugvars>
[15:22:33.824]  
[15:22:33.824]  <sequence name="DebugDeviceUnlock" Pname="" disable="false" info="">
[15:22:33.824]    <block atomic="false" info="">
[15:22:33.824]      Sequence("CheckID");
[15:22:33.824]        <sequence name="CheckID" Pname="" disable="false" info="">
[15:22:33.824]          <block atomic="false" info="">
[15:22:33.824]            __var pidr1 = 0;
[15:22:33.825]              // -> [pidr1 <= 0x00000000]
[15:22:33.825]            __var pidr2 = 0;
[15:22:33.825]              // -> [pidr2 <= 0x00000000]
[15:22:33.825]            __var jep106id = 0;
[15:22:33.825]              // -> [jep106id <= 0x00000000]
[15:22:33.825]            __var ROMTableBase = 0;
[15:22:33.825]              // -> [ROMTableBase <= 0x00000000]
[15:22:33.825]            __ap = 0;      // AHB-AP
[15:22:33.825]              // -> [__ap <= 0x00000000]
[15:22:33.825]            ROMTableBase = ReadAP(0xF8) & ~0x3;
[15:22:33.827]              // -> [ReadAP(0x000000F8) => 0xE00FF003] (__dp=0, __ap=0)
[15:22:33.827]              // -> [ROMTableBase <= 0xE00FF000]
[15:22:33.827]            pidr1 = Read32(ROMTableBase + 0x0FE4);
[15:22:33.830]              // -> [Read32(0xE00FFFE4) => 0x00000004] (__dp=0, __ap=0)
[15:22:33.830]              // -> [pidr1 <= 0x00000004]
[15:22:33.830]            pidr2 = Read32(ROMTableBase + 0x0FE8);
[15:22:33.833]              // -> [Read32(0xE00FFFE8) => 0x0000000A] (__dp=0, __ap=0)
[15:22:33.833]              // -> [pidr2 <= 0x0000000A]
[15:22:33.833]            jep106id = ((pidr2 & 0x7) << 4 ) | ((pidr1 >> 4) & 0xF);
[15:22:33.833]              // -> [jep106id <= 0x00000020]
[15:22:33.833]          </block>
[15:22:33.833]          <control if="jep106id != 0x20" while="" timeout="0" info="">
[15:22:33.833]            // if-block "jep106id != 0x20"
[15:22:33.833]              // =>  FALSE
[15:22:33.833]            // skip if-block "jep106id != 0x20"
[15:22:33.833]          </control>
[15:22:33.833]        </sequence>
[15:22:33.833]    </block>
[15:22:33.833]  </sequence>
[15:22:33.833]  
[15:22:33.878]  **********  Sequence "DebugCoreStart"  (Context="Connect", Pname="", info="")
[15:22:33.878]  
[15:22:33.878]  <debugvars>
[15:22:33.878]    __protocol=0x00010002   (Protocol="SWD", SWJ-DP="True")
[15:22:33.878]    __connection=0x00000201   (Connection Type="Debug", Reset Type="System Reset")
[15:22:33.878]    __dp=0x00000000
[15:22:33.878]    __ap=0x00000000
[15:22:33.878]    __traceout=0x00000000   (Trace Disabled)
[15:22:33.878]    __errorcontrol=0x00000000   (Skip Errors="False")
[15:22:33.878]    __FlashAddr=0x00000000
[15:22:33.878]    __FlashLen=0x00000000
[15:22:33.878]    __FlashArg=0x00000000
[15:22:33.878]    __FlashOp=0x00000000
[15:22:33.878]    __Result=0x00000000
[15:22:33.878]    DbgMCU_CR=0x00000007
[15:22:33.878]  </debugvars>
[15:22:33.878]  
[15:22:33.878]  <sequence name="DebugCoreStart" Pname="" disable="false" info="">
[15:22:33.878]    <block atomic="false" info="">
[15:22:33.878]      Write32(0xE000EDF0, 0xA05F0001);                                        // Enable Core Debug via DHCSR
[15:22:33.881]        // -> [Write32(0xE000EDF0, 0xA05F0001)] (__dp=0, __ap=0)
[15:22:33.881]      Write32(0xE0042004, DbgMCU_CR);                                         // DBGMCU_CR: Configure MCU Debug
[15:22:33.884]        // -> [Write32(0xE0042004, 0x00000007)] (__dp=0, __ap=0)
[15:22:33.884]    </block>
[15:22:33.884]  </sequence>
[15:22:33.884]  
[15:25:01.899]  **********  Sequence "DebugDeviceUnlock"  (Context="Connect", Pname="", info="")
[15:25:01.899]  
[15:25:01.900]  <debugvars>
[15:25:01.900]    __protocol=0x00010002   (Protocol="SWD", SWJ-DP="True")
[15:25:01.900]    __connection=0x00000201   (Connection Type="Debug", Reset Type="System Reset")
[15:25:01.900]    __dp=0x00000000
[15:25:01.900]    __ap=0x00000000
[15:25:01.900]    __traceout=0x00000000   (Trace Disabled)
[15:25:01.900]    __errorcontrol=0x00000000   (Skip Errors="False")
[15:25:01.900]    __FlashAddr=0x00000000
[15:25:01.900]    __FlashLen=0x00000000
[15:25:01.900]    __FlashArg=0x00000000
[15:25:01.900]    __FlashOp=0x00000000
[15:25:01.900]    __Result=0x00000000
[15:25:01.900]    DbgMCU_CR=0x00000007
[15:25:01.900]  </debugvars>
[15:25:01.900]  
[15:25:01.900]  <sequence name="DebugDeviceUnlock" Pname="" disable="false" info="">
[15:25:01.900]    <block atomic="false" info="">
[15:25:01.900]      Sequence("CheckID");
[15:25:01.900]        <sequence name="CheckID" Pname="" disable="false" info="">
[15:25:01.900]          <block atomic="false" info="">
[15:25:01.900]            __var pidr1 = 0;
[15:25:01.901]              // -> [pidr1 <= 0x00000000]
[15:25:01.901]            __var pidr2 = 0;
[15:25:01.901]              // -> [pidr2 <= 0x00000000]
[15:25:01.901]            __var jep106id = 0;
[15:25:01.901]              // -> [jep106id <= 0x00000000]
[15:25:01.901]            __var ROMTableBase = 0;
[15:25:01.901]              // -> [ROMTableBase <= 0x00000000]
[15:25:01.901]            __ap = 0;      // AHB-AP
[15:25:01.901]              // -> [__ap <= 0x00000000]
[15:25:01.901]            ROMTableBase = ReadAP(0xF8) & ~0x3;
[15:25:01.902]              // -> [ReadAP(0x000000F8) => 0xE00FF003] (__dp=0, __ap=0)
[15:25:01.902]              // -> [ROMTableBase <= 0xE00FF000]
[15:25:01.902]            pidr1 = Read32(ROMTableBase + 0x0FE4);
[15:25:01.906]              // -> [Read32(0xE00FFFE4) => 0x00000004] (__dp=0, __ap=0)
[15:25:01.906]              // -> [pidr1 <= 0x00000004]
[15:25:01.906]            pidr2 = Read32(ROMTableBase + 0x0FE8);
[15:25:01.909]              // -> [Read32(0xE00FFFE8) => 0x0000000A] (__dp=0, __ap=0)
[15:25:01.909]              // -> [pidr2 <= 0x0000000A]
[15:25:01.909]            jep106id = ((pidr2 & 0x7) << 4 ) | ((pidr1 >> 4) & 0xF);
[15:25:01.909]              // -> [jep106id <= 0x00000020]
[15:25:01.909]          </block>
[15:25:01.909]          <control if="jep106id != 0x20" while="" timeout="0" info="">
[15:25:01.909]            // if-block "jep106id != 0x20"
[15:25:01.909]              // =>  FALSE
[15:25:01.909]            // skip if-block "jep106id != 0x20"
[15:25:01.909]          </control>
[15:25:01.909]        </sequence>
[15:25:01.909]    </block>
[15:25:01.909]  </sequence>
[15:25:01.909]  
[15:25:01.949]  **********  Sequence "DebugCoreStart"  (Context="Connect", Pname="", info="")
[15:25:01.949]  
[15:25:01.949]  <debugvars>
[15:25:01.950]    __protocol=0x00010002   (Protocol="SWD", SWJ-DP="True")
[15:25:01.950]    __connection=0x00000201   (Connection Type="Debug", Reset Type="System Reset")
[15:25:01.950]    __dp=0x00000000
[15:25:01.950]    __ap=0x00000000
[15:25:01.950]    __traceout=0x00000000   (Trace Disabled)
[15:25:01.950]    __errorcontrol=0x00000000   (Skip Errors="False")
[15:25:01.950]    __FlashAddr=0x00000000
[15:25:01.950]    __FlashLen=0x00000000
[15:25:01.950]    __FlashArg=0x00000000
[15:25:01.950]    __FlashOp=0x00000000
[15:25:01.950]    __Result=0x00000000
[15:25:01.950]    DbgMCU_CR=0x00000007
[15:25:01.950]  </debugvars>
[15:25:01.950]  
[15:25:01.950]  <sequence name="DebugCoreStart" Pname="" disable="false" info="">
[15:25:01.950]    <block atomic="false" info="">
[15:25:01.950]      Write32(0xE000EDF0, 0xA05F0001);                                        // Enable Core Debug via DHCSR
[15:25:01.953]        // -> [Write32(0xE000EDF0, 0xA05F0001)] (__dp=0, __ap=0)
[15:25:01.953]      Write32(0xE0042004, DbgMCU_CR);                                         // DBGMCU_CR: Configure MCU Debug
[15:25:01.955]        // -> [Write32(0xE0042004, 0x00000007)] (__dp=0, __ap=0)
[15:25:01.955]    </block>
[15:25:01.955]  </sequence>
[15:25:01.955]  
[15:25:56.754]  **********  Sequence "DebugDeviceUnlock"  (Context="Connect", Pname="", info="")
[15:25:56.754]  
[15:25:56.755]  <debugvars>
[15:25:56.756]    __protocol=0x00010002   (Protocol="SWD", SWJ-DP="True")
[15:25:56.756]    __connection=0x00000202   (Connection Type="Flash", Reset Type="System Reset")
[15:25:56.756]    __dp=0x00000000
[15:25:56.756]    __ap=0x00000000
[15:25:56.756]    __traceout=0x00000000   (Trace Disabled)
[15:25:56.756]    __errorcontrol=0x00000000   (Skip Errors="False")
[15:25:56.756]    __FlashAddr=0x00000000
[15:25:56.756]    __FlashLen=0x00000000
[15:25:56.756]    __FlashArg=0x00000000
[15:25:56.756]    __FlashOp=0x00000000
[15:25:56.756]    __Result=0x00000000
[15:25:56.756]    DbgMCU_CR=0x00000007
[15:25:56.756]  </debugvars>
[15:25:56.756]  
[15:25:56.756]  <sequence name="DebugDeviceUnlock" Pname="" disable="false" info="">
[15:25:56.756]    <block atomic="false" info="">
[15:25:56.756]      Sequence("CheckID");
[15:25:56.756]        <sequence name="CheckID" Pname="" disable="false" info="">
[15:25:56.756]          <block atomic="false" info="">
[15:25:56.756]            __var pidr1 = 0;
[15:25:56.756]              // -> [pidr1 <= 0x00000000]
[15:25:56.756]            __var pidr2 = 0;
[15:25:56.756]              // -> [pidr2 <= 0x00000000]
[15:25:56.756]            __var jep106id = 0;
[15:25:56.756]              // -> [jep106id <= 0x00000000]
[15:25:56.756]            __var ROMTableBase = 0;
[15:25:56.757]              // -> [ROMTableBase <= 0x00000000]
[15:25:56.757]            __ap = 0;      // AHB-AP
[15:25:56.757]              // -> [__ap <= 0x00000000]
[15:25:56.757]            ROMTableBase = ReadAP(0xF8) & ~0x3;
[15:25:56.758]              // -> [ReadAP(0x000000F8) => 0xE00FF003] (__dp=0, __ap=0)
[15:25:56.758]              // -> [ROMTableBase <= 0xE00FF000]
[15:25:56.758]            pidr1 = Read32(ROMTableBase + 0x0FE4);
[15:25:56.762]              // -> [Read32(0xE00FFFE4) => 0x00000004] (__dp=0, __ap=0)
[15:25:56.762]              // -> [pidr1 <= 0x00000004]
[15:25:56.762]            pidr2 = Read32(ROMTableBase + 0x0FE8);
[15:25:56.767]              // -> [Read32(0xE00FFFE8) => 0x0000000A] (__dp=0, __ap=0)
[15:25:56.767]              // -> [pidr2 <= 0x0000000A]
[15:25:56.767]            jep106id = ((pidr2 & 0x7) << 4 ) | ((pidr1 >> 4) & 0xF);
[15:25:56.767]              // -> [jep106id <= 0x00000020]
[15:25:56.768]          </block>
[15:25:56.768]          <control if="jep106id != 0x20" while="" timeout="0" info="">
[15:25:56.768]            // if-block "jep106id != 0x20"
[15:25:56.768]              // =>  FALSE
[15:25:56.768]            // skip if-block "jep106id != 0x20"
[15:25:56.768]          </control>
[15:25:56.768]        </sequence>
[15:25:56.768]    </block>
[15:25:56.768]  </sequence>
[15:25:56.768]  
[15:25:56.812]  **********  Sequence "DebugCoreStart"  (Context="Connect", Pname="", info="")
[15:25:56.812]  
[15:25:56.812]  <debugvars>
[15:25:56.812]    __protocol=0x00010002   (Protocol="SWD", SWJ-DP="True")
[15:25:56.812]    __connection=0x00000202   (Connection Type="Flash", Reset Type="System Reset")
[15:25:56.812]    __dp=0x00000000
[15:25:56.812]    __ap=0x00000000
[15:25:56.812]    __traceout=0x00000000   (Trace Disabled)
[15:25:56.812]    __errorcontrol=0x00000000   (Skip Errors="False")
[15:25:56.813]    __FlashAddr=0x00000000
[15:25:56.813]    __FlashLen=0x00000000
[15:25:56.814]    __FlashArg=0x00000000
[15:25:56.814]    __FlashOp=0x00000000
[15:25:56.814]    __Result=0x00000000
[15:25:56.814]    DbgMCU_CR=0x00000007
[15:25:56.814]  </debugvars>
[15:25:56.814]  
[15:25:56.814]  <sequence name="DebugCoreStart" Pname="" disable="false" info="">
[15:25:56.814]    <block atomic="false" info="">
[15:25:56.814]      Write32(0xE000EDF0, 0xA05F0001);                                        // Enable Core Debug via DHCSR
[15:25:56.816]        // -> [Write32(0xE000EDF0, 0xA05F0001)] (__dp=0, __ap=0)
[15:25:56.816]      Write32(0xE0042004, DbgMCU_CR);                                         // DBGMCU_CR: Configure MCU Debug
[15:25:56.819]        // -> [Write32(0xE0042004, 0x00000007)] (__dp=0, __ap=0)
[15:25:56.819]    </block>
[15:25:56.819]  </sequence>
[15:25:56.819]  
[15:26:01.464]  **********  Sequence "DebugDeviceUnlock"  (Context="Connect", Pname="", info="")
[15:26:01.464]  
[15:26:01.465]  <debugvars>
[15:26:01.465]    __protocol=0x00010002   (Protocol="SWD", SWJ-DP="True")
[15:26:01.465]    __connection=0x00000201   (Connection Type="Debug", Reset Type="System Reset")
[15:26:01.465]    __dp=0x00000000
[15:26:01.465]    __ap=0x00000000
[15:26:01.465]    __traceout=0x00000000   (Trace Disabled)
[15:26:01.465]    __errorcontrol=0x00000000   (Skip Errors="False")
[15:26:01.465]    __FlashAddr=0x00000000
[15:26:01.465]    __FlashLen=0x00000000
[15:26:01.465]    __FlashArg=0x00000000
[15:26:01.465]    __FlashOp=0x00000000
[15:26:01.465]    __Result=0x00000000
[15:26:01.465]    DbgMCU_CR=0x00000007
[15:26:01.465]  </debugvars>
[15:26:01.466]  
[15:26:01.466]  <sequence name="DebugDeviceUnlock" Pname="" disable="false" info="">
[15:26:01.466]    <block atomic="false" info="">
[15:26:01.466]      Sequence("CheckID");
[15:26:01.466]        <sequence name="CheckID" Pname="" disable="false" info="">
[15:26:01.466]          <block atomic="false" info="">
[15:26:01.466]            __var pidr1 = 0;
[15:26:01.466]              // -> [pidr1 <= 0x00000000]
[15:26:01.466]            __var pidr2 = 0;
[15:26:01.466]              // -> [pidr2 <= 0x00000000]
[15:26:01.466]            __var jep106id = 0;
[15:26:01.466]              // -> [jep106id <= 0x00000000]
[15:26:01.466]            __var ROMTableBase = 0;
[15:26:01.466]              // -> [ROMTableBase <= 0x00000000]
[15:26:01.466]            __ap = 0;      // AHB-AP
[15:26:01.466]              // -> [__ap <= 0x00000000]
[15:26:01.466]            ROMTableBase = ReadAP(0xF8) & ~0x3;
[15:26:01.468]              // -> [ReadAP(0x000000F8) => 0xE00FF003] (__dp=0, __ap=0)
[15:26:01.468]              // -> [ROMTableBase <= 0xE00FF000]
[15:26:01.468]            pidr1 = Read32(ROMTableBase + 0x0FE4);
[15:26:01.472]              // -> [Read32(0xE00FFFE4) => 0x00000004] (__dp=0, __ap=0)
[15:26:01.472]              // -> [pidr1 <= 0x00000004]
[15:26:01.472]            pidr2 = Read32(ROMTableBase + 0x0FE8);
[15:26:01.475]              // -> [Read32(0xE00FFFE8) => 0x0000000A] (__dp=0, __ap=0)
[15:26:01.475]              // -> [pidr2 <= 0x0000000A]
[15:26:01.475]            jep106id = ((pidr2 & 0x7) << 4 ) | ((pidr1 >> 4) & 0xF);
[15:26:01.475]              // -> [jep106id <= 0x00000020]
[15:26:01.475]          </block>
[15:26:01.475]          <control if="jep106id != 0x20" while="" timeout="0" info="">
[15:26:01.475]            // if-block "jep106id != 0x20"
[15:26:01.475]              // =>  FALSE
[15:26:01.475]            // skip if-block "jep106id != 0x20"
[15:26:01.475]          </control>
[15:26:01.475]        </sequence>
[15:26:01.475]    </block>
[15:26:01.475]  </sequence>
[15:26:01.475]  
[15:26:01.518]  **********  Sequence "DebugCoreStart"  (Context="Connect", Pname="", info="")
[15:26:01.518]  
[15:26:01.518]  <debugvars>
[15:26:01.518]    __protocol=0x00010002   (Protocol="SWD", SWJ-DP="True")
[15:26:01.518]    __connection=0x00000201   (Connection Type="Debug", Reset Type="System Reset")
[15:26:01.518]    __dp=0x00000000
[15:26:01.518]    __ap=0x00000000
[15:26:01.518]    __traceout=0x00000000   (Trace Disabled)
[15:26:01.518]    __errorcontrol=0x00000000   (Skip Errors="False")
[15:26:01.518]    __FlashAddr=0x00000000
[15:26:01.518]    __FlashLen=0x00000000
[15:26:01.518]    __FlashArg=0x00000000
[15:26:01.518]    __FlashOp=0x00000000
[15:26:01.518]    __Result=0x00000000
[15:26:01.518]    DbgMCU_CR=0x00000007
[15:26:01.518]  </debugvars>
[15:26:01.518]  
[15:26:01.518]  <sequence name="DebugCoreStart" Pname="" disable="false" info="">
[15:26:01.518]    <block atomic="false" info="">
[15:26:01.519]      Write32(0xE000EDF0, 0xA05F0001);                                        // Enable Core Debug via DHCSR
[15:26:01.522]        // -> [Write32(0xE000EDF0, 0xA05F0001)] (__dp=0, __ap=0)
[15:26:01.522]      Write32(0xE0042004, DbgMCU_CR);                                         // DBGMCU_CR: Configure MCU Debug
[15:26:01.525]        // -> [Write32(0xE0042004, 0x00000007)] (__dp=0, __ap=0)
[15:26:01.525]    </block>
[15:26:01.525]  </sequence>
[15:26:01.525]  
[15:27:10.562]  **********  Sequence "DebugDeviceUnlock"  (Context="Connect", Pname="", info="")
[15:27:10.562]  
[15:27:10.563]  <debugvars>
[15:27:10.563]    __protocol=0x00010002   (Protocol="SWD", SWJ-DP="True")
[15:27:10.563]    __connection=0x00000202   (Connection Type="Flash", Reset Type="System Reset")
[15:27:10.563]    __dp=0x00000000
[15:27:10.563]    __ap=0x00000000
[15:27:10.563]    __traceout=0x00000000   (Trace Disabled)
[15:27:10.563]    __errorcontrol=0x00000000   (Skip Errors="False")
[15:27:10.564]    __FlashAddr=0x00000000
[15:27:10.564]    __FlashLen=0x00000000
[15:27:10.564]    __FlashArg=0x00000000
[15:27:10.564]    __FlashOp=0x00000000
[15:27:10.564]    __Result=0x00000000
[15:27:10.564]    DbgMCU_CR=0x00000007
[15:27:10.564]  </debugvars>
[15:27:10.564]  
[15:27:10.564]  <sequence name="DebugDeviceUnlock" Pname="" disable="false" info="">
[15:27:10.564]    <block atomic="false" info="">
[15:27:10.564]      Sequence("CheckID");
[15:27:10.564]        <sequence name="CheckID" Pname="" disable="false" info="">
[15:27:10.564]          <block atomic="false" info="">
[15:27:10.564]            __var pidr1 = 0;
[15:27:10.564]              // -> [pidr1 <= 0x00000000]
[15:27:10.564]            __var pidr2 = 0;
[15:27:10.564]              // -> [pidr2 <= 0x00000000]
[15:27:10.564]            __var jep106id = 0;
[15:27:10.564]              // -> [jep106id <= 0x00000000]
[15:27:10.564]            __var ROMTableBase = 0;
[15:27:10.564]              // -> [ROMTableBase <= 0x00000000]
[15:27:10.564]            __ap = 0;      // AHB-AP
[15:27:10.564]              // -> [__ap <= 0x00000000]
[15:27:10.564]            ROMTableBase = ReadAP(0xF8) & ~0x3;
[15:27:10.567]              // -> [ReadAP(0x000000F8) => 0xE00FF003] (__dp=0, __ap=0)
[15:27:10.567]              // -> [ROMTableBase <= 0xE00FF000]
[15:27:10.567]            pidr1 = Read32(ROMTableBase + 0x0FE4);
[15:27:10.570]              // -> [Read32(0xE00FFFE4) => 0x00000004] (__dp=0, __ap=0)
[15:27:10.570]              // -> [pidr1 <= 0x00000004]
[15:27:10.570]            pidr2 = Read32(ROMTableBase + 0x0FE8);
[15:27:10.572]              // -> [Read32(0xE00FFFE8) => 0x0000000A] (__dp=0, __ap=0)
[15:27:10.572]              // -> [pidr2 <= 0x0000000A]
[15:27:10.572]            jep106id = ((pidr2 & 0x7) << 4 ) | ((pidr1 >> 4) & 0xF);
[15:27:10.572]              // -> [jep106id <= 0x00000020]
[15:27:10.572]          </block>
[15:27:10.572]          <control if="jep106id != 0x20" while="" timeout="0" info="">
[15:27:10.572]            // if-block "jep106id != 0x20"
[15:27:10.572]              // =>  FALSE
[15:27:10.572]            // skip if-block "jep106id != 0x20"
[15:27:10.573]          </control>
[15:27:10.573]        </sequence>
[15:27:10.573]    </block>
[15:27:10.573]  </sequence>
[15:27:10.573]  
[15:27:10.613]  **********  Sequence "DebugCoreStart"  (Context="Connect", Pname="", info="")
[15:27:10.613]  
[15:27:10.613]  <debugvars>
[15:27:10.613]    __protocol=0x00010002   (Protocol="SWD", SWJ-DP="True")
[15:27:10.613]    __connection=0x00000202   (Connection Type="Flash", Reset Type="System Reset")
[15:27:10.613]    __dp=0x00000000
[15:27:10.613]    __ap=0x00000000
[15:27:10.613]    __traceout=0x00000000   (Trace Disabled)
[15:27:10.613]    __errorcontrol=0x00000000   (Skip Errors="False")
[15:27:10.613]    __FlashAddr=0x00000000
[15:27:10.613]    __FlashLen=0x00000000
[15:27:10.613]    __FlashArg=0x00000000
[15:27:10.613]    __FlashOp=0x00000000
[15:27:10.613]    __Result=0x00000000
[15:27:10.613]    DbgMCU_CR=0x00000007
[15:27:10.613]  </debugvars>
[15:27:10.613]  
[15:27:10.613]  <sequence name="DebugCoreStart" Pname="" disable="false" info="">
[15:27:10.613]    <block atomic="false" info="">
[15:27:10.613]      Write32(0xE000EDF0, 0xA05F0001);                                        // Enable Core Debug via DHCSR
[15:27:10.616]        // -> [Write32(0xE000EDF0, 0xA05F0001)] (__dp=0, __ap=0)
[15:27:10.616]      Write32(0xE0042004, DbgMCU_CR);                                         // DBGMCU_CR: Configure MCU Debug
[15:27:10.619]        // -> [Write32(0xE0042004, 0x00000007)] (__dp=0, __ap=0)
[15:27:10.619]    </block>
[15:27:10.619]  </sequence>
[15:27:10.619]  
[15:27:15.171]  **********  Sequence "DebugDeviceUnlock"  (Context="Connect", Pname="", info="")
[15:27:15.171]  
[15:27:15.172]  <debugvars>
[15:27:15.172]    __protocol=0x00010002   (Protocol="SWD", SWJ-DP="True")
[15:27:15.172]    __connection=0x00000201   (Connection Type="Debug", Reset Type="System Reset")
[15:27:15.172]    __dp=0x00000000
[15:27:15.172]    __ap=0x00000000
[15:27:15.172]    __traceout=0x00000000   (Trace Disabled)
[15:27:15.172]    __errorcontrol=0x00000000   (Skip Errors="False")
[15:27:15.172]    __FlashAddr=0x00000000
[15:27:15.172]    __FlashLen=0x00000000
[15:27:15.172]    __FlashArg=0x00000000
[15:27:15.172]    __FlashOp=0x00000000
[15:27:15.173]    __Result=0x00000000
[15:27:15.173]    DbgMCU_CR=0x00000007
[15:27:15.173]  </debugvars>
[15:27:15.173]  
[15:27:15.173]  <sequence name="DebugDeviceUnlock" Pname="" disable="false" info="">
[15:27:15.173]    <block atomic="false" info="">
[15:27:15.173]      Sequence("CheckID");
[15:27:15.173]        <sequence name="CheckID" Pname="" disable="false" info="">
[15:27:15.173]          <block atomic="false" info="">
[15:27:15.173]            __var pidr1 = 0;
[15:27:15.173]              // -> [pidr1 <= 0x00000000]
[15:27:15.173]            __var pidr2 = 0;
[15:27:15.173]              // -> [pidr2 <= 0x00000000]
[15:27:15.173]            __var jep106id = 0;
[15:27:15.173]              // -> [jep106id <= 0x00000000]
[15:27:15.173]            __var ROMTableBase = 0;
[15:27:15.173]              // -> [ROMTableBase <= 0x00000000]
[15:27:15.173]            __ap = 0;      // AHB-AP
[15:27:15.173]              // -> [__ap <= 0x00000000]
[15:27:15.173]            ROMTableBase = ReadAP(0xF8) & ~0x3;
[15:27:15.176]              // -> [ReadAP(0x000000F8) => 0xE00FF003] (__dp=0, __ap=0)
[15:27:15.176]              // -> [ROMTableBase <= 0xE00FF000]
[15:27:15.176]            pidr1 = Read32(ROMTableBase + 0x0FE4);
[15:27:15.178]              // -> [Read32(0xE00FFFE4) => 0x00000004] (__dp=0, __ap=0)
[15:27:15.178]              // -> [pidr1 <= 0x00000004]
[15:27:15.178]            pidr2 = Read32(ROMTableBase + 0x0FE8);
[15:27:15.181]              // -> [Read32(0xE00FFFE8) => 0x0000000A] (__dp=0, __ap=0)
[15:27:15.181]              // -> [pidr2 <= 0x0000000A]
[15:27:15.181]            jep106id = ((pidr2 & 0x7) << 4 ) | ((pidr1 >> 4) & 0xF);
[15:27:15.181]              // -> [jep106id <= 0x00000020]
[15:27:15.181]          </block>
[15:27:15.181]          <control if="jep106id != 0x20" while="" timeout="0" info="">
[15:27:15.181]            // if-block "jep106id != 0x20"
[15:27:15.181]              // =>  FALSE
[15:27:15.182]            // skip if-block "jep106id != 0x20"
[15:27:15.182]          </control>
[15:27:15.182]        </sequence>
[15:27:15.182]    </block>
[15:27:15.182]  </sequence>
[15:27:15.182]  
[15:27:15.223]  **********  Sequence "DebugCoreStart"  (Context="Connect", Pname="", info="")
[15:27:15.223]  
[15:27:15.223]  <debugvars>
[15:27:15.223]    __protocol=0x00010002   (Protocol="SWD", SWJ-DP="True")
[15:27:15.223]    __connection=0x00000201   (Connection Type="Debug", Reset Type="System Reset")
[15:27:15.223]    __dp=0x00000000
[15:27:15.223]    __ap=0x00000000
[15:27:15.223]    __traceout=0x00000000   (Trace Disabled)
[15:27:15.223]    __errorcontrol=0x00000000   (Skip Errors="False")
[15:27:15.223]    __FlashAddr=0x00000000
[15:27:15.223]    __FlashLen=0x00000000
[15:27:15.223]    __FlashArg=0x00000000
[15:27:15.223]    __FlashOp=0x00000000
[15:27:15.223]    __Result=0x00000000
[15:27:15.223]    DbgMCU_CR=0x00000007
[15:27:15.224]  </debugvars>
[15:27:15.224]  
[15:27:15.224]  <sequence name="DebugCoreStart" Pname="" disable="false" info="">
[15:27:15.224]    <block atomic="false" info="">
[15:27:15.224]      Write32(0xE000EDF0, 0xA05F0001);                                        // Enable Core Debug via DHCSR
[15:27:15.226]        // -> [Write32(0xE000EDF0, 0xA05F0001)] (__dp=0, __ap=0)
[15:27:15.226]      Write32(0xE0042004, DbgMCU_CR);                                         // DBGMCU_CR: Configure MCU Debug
[15:27:15.229]        // -> [Write32(0xE0042004, 0x00000007)] (__dp=0, __ap=0)
[15:27:15.229]    </block>
[15:27:15.229]  </sequence>
[15:27:15.229]  
[15:32:08.376]  **********  Sequence "DebugDeviceUnlock"  (Context="Connect", Pname="", info="")
[15:32:08.376]  
[15:32:08.376]  <debugvars>
[15:32:08.376]    __protocol=0x00010002   (Protocol="SWD", SWJ-DP="True")
[15:32:08.376]    __connection=0x00000201   (Connection Type="Debug", Reset Type="System Reset")
[15:32:08.376]    __dp=0x00000000
[15:32:08.376]    __ap=0x00000000
[15:32:08.376]    __traceout=0x00000000   (Trace Disabled)
[15:32:08.376]    __errorcontrol=0x00000000   (Skip Errors="False")
[15:32:08.376]    __FlashAddr=0x00000000
[15:32:08.376]    __FlashLen=0x00000000
[15:32:08.376]    __FlashArg=0x00000000
[15:32:08.376]    __FlashOp=0x00000000
[15:32:08.377]    __Result=0x00000000
[15:32:08.377]    DbgMCU_CR=0x00000007
[15:32:08.377]  </debugvars>
[15:32:08.377]  
[15:32:08.377]  <sequence name="DebugDeviceUnlock" Pname="" disable="false" info="">
[15:32:08.377]    <block atomic="false" info="">
[15:32:08.377]      Sequence("CheckID");
[15:32:08.377]        <sequence name="CheckID" Pname="" disable="false" info="">
[15:32:08.377]          <block atomic="false" info="">
[15:32:08.377]            __var pidr1 = 0;
[15:32:08.377]              // -> [pidr1 <= 0x00000000]
[15:32:08.377]            __var pidr2 = 0;
[15:32:08.377]              // -> [pidr2 <= 0x00000000]
[15:32:08.377]            __var jep106id = 0;
[15:32:08.377]              // -> [jep106id <= 0x00000000]
[15:32:08.377]            __var ROMTableBase = 0;
[15:32:08.377]              // -> [ROMTableBase <= 0x00000000]
[15:32:08.377]            __ap = 0;      // AHB-AP
[15:32:08.377]              // -> [__ap <= 0x00000000]
[15:32:08.377]            ROMTableBase = ReadAP(0xF8) & ~0x3;
[15:32:08.379]              // -> [ReadAP(0x000000F8) => 0xE00FF003] (__dp=0, __ap=0)
[15:32:08.379]              // -> [ROMTableBase <= 0xE00FF000]
[15:32:08.379]            pidr1 = Read32(ROMTableBase + 0x0FE4);
[15:32:08.384]              // -> [Read32(0xE00FFFE4) => 0x00000004] (__dp=0, __ap=0)
[15:32:08.384]              // -> [pidr1 <= 0x00000004]
[15:32:08.384]            pidr2 = Read32(ROMTableBase + 0x0FE8);
[15:32:08.388]              // -> [Read32(0xE00FFFE8) => 0x0000000A] (__dp=0, __ap=0)
[15:32:08.389]              // -> [pidr2 <= 0x0000000A]
[15:32:08.389]            jep106id = ((pidr2 & 0x7) << 4 ) | ((pidr1 >> 4) & 0xF);
[15:32:08.389]              // -> [jep106id <= 0x00000020]
[15:32:08.389]          </block>
[15:32:08.389]          <control if="jep106id != 0x20" while="" timeout="0" info="">
[15:32:08.389]            // if-block "jep106id != 0x20"
[15:32:08.389]              // =>  FALSE
[15:32:08.389]            // skip if-block "jep106id != 0x20"
[15:32:08.389]          </control>
[15:32:08.389]        </sequence>
[15:32:08.389]    </block>
[15:32:08.389]  </sequence>
[15:32:08.389]  
[15:32:08.454]  **********  Sequence "DebugCoreStart"  (Context="Connect", Pname="", info="")
[15:32:08.454]  
[15:32:08.455]  <debugvars>
[15:32:08.455]    __protocol=0x00010002   (Protocol="SWD", SWJ-DP="True")
[15:32:08.455]    __connection=0x00000201   (Connection Type="Debug", Reset Type="System Reset")
[15:32:08.455]    __dp=0x00000000
[15:32:08.455]    __ap=0x00000000
[15:32:08.455]    __traceout=0x00000000   (Trace Disabled)
[15:32:08.455]    __errorcontrol=0x00000000   (Skip Errors="False")
[15:32:08.455]    __FlashAddr=0x00000000
[15:32:08.455]    __FlashLen=0x00000000
[15:32:08.455]    __FlashArg=0x00000000
[15:32:08.455]    __FlashOp=0x00000000
[15:32:08.455]    __Result=0x00000000
[15:32:08.455]    DbgMCU_CR=0x00000007
[15:32:08.455]  </debugvars>
[15:32:08.455]  
[15:32:08.455]  <sequence name="DebugCoreStart" Pname="" disable="false" info="">
[15:32:08.456]    <block atomic="false" info="">
[15:32:08.456]      Write32(0xE000EDF0, 0xA05F0001);                                        // Enable Core Debug via DHCSR
[15:32:08.460]        // -> [Write32(0xE000EDF0, 0xA05F0001)] (__dp=0, __ap=0)
[15:32:08.460]      Write32(0xE0042004, DbgMCU_CR);                                         // DBGMCU_CR: Configure MCU Debug
[15:32:08.463]        // -> [Write32(0xE0042004, 0x00000007)] (__dp=0, __ap=0)
[15:32:08.463]    </block>
[15:32:08.463]  </sequence>
[15:32:08.463]  
[15:33:09.867]  **********  Sequence "DebugDeviceUnlock"  (Context="Connect", Pname="", info="")
[15:33:09.867]  
[15:33:09.867]  <debugvars>
[15:33:09.867]    __protocol=0x00010002   (Protocol="SWD", SWJ-DP="True")
[15:33:09.867]    __connection=0x00000202   (Connection Type="Flash", Reset Type="System Reset")
[15:33:09.867]    __dp=0x00000000
[15:33:09.867]    __ap=0x00000000
[15:33:09.867]    __traceout=0x00000000   (Trace Disabled)
[15:33:09.867]    __errorcontrol=0x00000000   (Skip Errors="False")
[15:33:09.867]    __FlashAddr=0x00000000
[15:33:09.867]    __FlashLen=0x00000000
[15:33:09.867]    __FlashArg=0x00000000
[15:33:09.867]    __FlashOp=0x00000000
[15:33:09.867]    __Result=0x00000000
[15:33:09.867]    DbgMCU_CR=0x00000007
[15:33:09.867]  </debugvars>
[15:33:09.867]  
[15:33:09.867]  <sequence name="DebugDeviceUnlock" Pname="" disable="false" info="">
[15:33:09.867]    <block atomic="false" info="">
[15:33:09.868]      Sequence("CheckID");
[15:33:09.868]        <sequence name="CheckID" Pname="" disable="false" info="">
[15:33:09.868]          <block atomic="false" info="">
[15:33:09.868]            __var pidr1 = 0;
[15:33:09.868]              // -> [pidr1 <= 0x00000000]
[15:33:09.868]            __var pidr2 = 0;
[15:33:09.868]              // -> [pidr2 <= 0x00000000]
[15:33:09.868]            __var jep106id = 0;
[15:33:09.868]              // -> [jep106id <= 0x00000000]
[15:33:09.868]            __var ROMTableBase = 0;
[15:33:09.868]              // -> [ROMTableBase <= 0x00000000]
[15:33:09.868]            __ap = 0;      // AHB-AP
[15:33:09.868]              // -> [__ap <= 0x00000000]
[15:33:09.868]            ROMTableBase = ReadAP(0xF8) & ~0x3;
[15:33:09.870]              // -> [ReadAP(0x000000F8) => 0xE00FF003] (__dp=0, __ap=0)
[15:33:09.870]              // -> [ROMTableBase <= 0xE00FF000]
[15:33:09.870]            pidr1 = Read32(ROMTableBase + 0x0FE4);
[15:33:09.873]              // -> [Read32(0xE00FFFE4) => 0x00000004] (__dp=0, __ap=0)
[15:33:09.873]              // -> [pidr1 <= 0x00000004]
[15:33:09.873]            pidr2 = Read32(ROMTableBase + 0x0FE8);
[15:33:09.876]              // -> [Read32(0xE00FFFE8) => 0x0000000A] (__dp=0, __ap=0)
[15:33:09.876]              // -> [pidr2 <= 0x0000000A]
[15:33:09.876]            jep106id = ((pidr2 & 0x7) << 4 ) | ((pidr1 >> 4) & 0xF);
[15:33:09.876]              // -> [jep106id <= 0x00000020]
[15:33:09.876]          </block>
[15:33:09.876]          <control if="jep106id != 0x20" while="" timeout="0" info="">
[15:33:09.876]            // if-block "jep106id != 0x20"
[15:33:09.876]              // =>  FALSE
[15:33:09.876]            // skip if-block "jep106id != 0x20"
[15:33:09.876]          </control>
[15:33:09.876]        </sequence>
[15:33:09.876]    </block>
[15:33:09.876]  </sequence>
[15:33:09.876]  
[15:33:09.924]  **********  Sequence "DebugCoreStart"  (Context="Connect", Pname="", info="")
[15:33:09.924]  
[15:33:09.924]  <debugvars>
[15:33:09.924]    __protocol=0x00010002   (Protocol="SWD", SWJ-DP="True")
[15:33:09.925]    __connection=0x00000202   (Connection Type="Flash", Reset Type="System Reset")
[15:33:09.925]    __dp=0x00000000
[15:33:09.925]    __ap=0x00000000
[15:33:09.925]    __traceout=0x00000000   (Trace Disabled)
[15:33:09.925]    __errorcontrol=0x00000000   (Skip Errors="False")
[15:33:09.925]    __FlashAddr=0x00000000
[15:33:09.925]    __FlashLen=0x00000000
[15:33:09.925]    __FlashArg=0x00000000
[15:33:09.925]    __FlashOp=0x00000000
[15:33:09.925]    __Result=0x00000000
[15:33:09.925]    DbgMCU_CR=0x00000007
[15:33:09.925]  </debugvars>
[15:33:09.925]  
[15:33:09.925]  <sequence name="DebugCoreStart" Pname="" disable="false" info="">
[15:33:09.926]    <block atomic="false" info="">
[15:33:09.926]      Write32(0xE000EDF0, 0xA05F0001);                                        // Enable Core Debug via DHCSR
[15:33:09.928]        // -> [Write32(0xE000EDF0, 0xA05F0001)] (__dp=0, __ap=0)
[15:33:09.928]      Write32(0xE0042004, DbgMCU_CR);                                         // DBGMCU_CR: Configure MCU Debug
[15:33:09.931]        // -> [Write32(0xE0042004, 0x00000007)] (__dp=0, __ap=0)
[15:33:09.931]    </block>
[15:33:09.931]  </sequence>
[15:33:09.931]  
