/*
 *  CMSIS Pack Debug Access Sequence Log
 *  File        : D:\我的工作台\RM2024\Robot_Control\MDK-ARM\Robot_Control_Sequences_0010.log
 *  Created     : 21:00:45 (15/01/2024)
 *  Device      : STM32F103C8
 *  PDSC File   : D:\FileData\Keil5\Keil_ARM\Keil\STM32F1xx_DFP\2.4.1\Keil.STM32F1xx_DFP.pdsc
 *  Config File : D:\我的工作台\RM2024\Robot_Control\MDK-ARM\DebugConfig\Robot_Control_STM32F103C8_1.0.0.dbgconf
 *
 */

[21:00:45.525]  **********  Sequence "DebugDeviceUnlock"  (Context="Connect", Pname="", info="")
[21:00:45.525]  
[21:00:45.525]  <debugvars>
[21:00:45.525]    __protocol=0x00010002   (Protocol="SWD", SWJ-DP="True")
[21:00:45.525]    __connection=0x00000202   (Connection Type="Flash", Reset Type="System Reset")
[21:00:45.525]    __dp=0x00000000
[21:00:45.525]    __ap=0x00000000
[21:00:45.525]    __traceout=0x00000000   (Trace Disabled)
[21:00:45.525]    __errorcontrol=0x00000000   (Skip Errors="False")
[21:00:45.525]    __FlashAddr=0x00000000
[21:00:45.525]    __FlashLen=0x00000000
[21:00:45.525]    __FlashArg=0x00000000
[21:00:45.525]    __FlashOp=0x00000000
[21:00:45.525]    __Result=0x00000000
[21:00:45.525]    DbgMCU_CR=0x00000007
[21:00:45.525]  </debugvars>
[21:00:45.527]  
[21:00:45.527]  <sequence name="DebugDeviceUnlock" Pname="" disable="false" info="">
[21:00:45.527]    <block atomic="false" info="">
[21:00:45.527]      Sequence("CheckID");
[21:00:45.527]        <sequence name="CheckID" Pname="" disable="false" info="">
[21:00:45.527]          <block atomic="false" info="">
[21:00:45.527]            __var pidr1 = 0;
[21:00:45.527]              // -> [pidr1 <= 0x00000000]
[21:00:45.527]            __var pidr2 = 0;
[21:00:45.527]              // -> [pidr2 <= 0x00000000]
[21:00:45.527]            __var jep106id = 0;
[21:00:45.527]              // -> [jep106id <= 0x00000000]
[21:00:45.527]            __var ROMTableBase = 0;
[21:00:45.527]              // -> [ROMTableBase <= 0x00000000]
[21:00:45.527]            __ap = 0;      // AHB-AP
[21:00:45.527]              // -> [__ap <= 0x00000000]
[21:00:45.527]            ROMTableBase = ReadAP(0xF8) & ~0x3;
[21:00:45.529]              // -> [ReadAP(0x000000F8) => 0xE00FF003] (__dp=0, __ap=0)
[21:00:45.529]              // -> [ROMTableBase <= 0xE00FF000]
[21:00:45.529]            pidr1 = Read32(ROMTableBase + 0x0FE4);
[21:00:45.533]              // -> [Read32(0xE00FFFE4) => 0x00000004] (__dp=0, __ap=0)
[21:00:45.533]              // -> [pidr1 <= 0x00000004]
[21:00:45.533]            pidr2 = Read32(ROMTableBase + 0x0FE8);
[21:00:45.535]              // -> [Read32(0xE00FFFE8) => 0x0000000A] (__dp=0, __ap=0)
[21:00:45.535]              // -> [pidr2 <= 0x0000000A]
[21:00:45.535]            jep106id = ((pidr2 & 0x7) << 4 ) | ((pidr1 >> 4) & 0xF);
[21:00:45.535]              // -> [jep106id <= 0x00000020]
[21:00:45.535]          </block>
[21:00:45.536]          <control if="jep106id != 0x20" while="" timeout="0" info="">
[21:00:45.536]            // if-block "jep106id != 0x20"
[21:00:45.536]              // =>  FALSE
[21:00:45.536]            // skip if-block "jep106id != 0x20"
[21:00:45.536]          </control>
[21:00:45.536]        </sequence>
[21:00:45.536]    </block>
[21:00:45.536]  </sequence>
[21:00:45.536]  
[21:00:45.584]  **********  Sequence "DebugCoreStart"  (Context="Connect", Pname="", info="")
[21:00:45.584]  
[21:00:45.584]  <debugvars>
[21:00:45.584]    __protocol=0x00010002   (Protocol="SWD", SWJ-DP="True")
[21:00:45.584]    __connection=0x00000202   (Connection Type="Flash", Reset Type="System Reset")
[21:00:45.585]    __dp=0x00000000
[21:00:45.585]    __ap=0x00000000
[21:00:45.585]    __traceout=0x00000000   (Trace Disabled)
[21:00:45.585]    __errorcontrol=0x00000000   (Skip Errors="False")
[21:00:45.585]    __FlashAddr=0x00000000
[21:00:45.585]    __FlashLen=0x00000000
[21:00:45.585]    __FlashArg=0x00000000
[21:00:45.585]    __FlashOp=0x00000000
[21:00:45.585]    __Result=0x00000000
[21:00:45.585]    DbgMCU_CR=0x00000007
[21:00:45.585]  </debugvars>
[21:00:45.585]  
[21:00:45.585]  <sequence name="DebugCoreStart" Pname="" disable="false" info="">
[21:00:45.585]    <block atomic="false" info="">
[21:00:45.585]      Write32(0xE000EDF0, 0xA05F0001);                                        // Enable Core Debug via DHCSR
[21:00:45.588]        // -> [Write32(0xE000EDF0, 0xA05F0001)] (__dp=0, __ap=0)
[21:00:45.588]      Write32(0xE0042004, DbgMCU_CR);                                         // DBGMCU_CR: Configure MCU Debug
[21:00:45.592]        // -> [Write32(0xE0042004, 0x00000007)] (__dp=0, __ap=0)
[21:00:45.593]    </block>
[21:00:45.593]  </sequence>
[21:00:45.593]  
[21:00:50.659]  **********  Sequence "DebugDeviceUnlock"  (Context="Connect", Pname="", info="")
[21:00:50.659]  
[21:00:50.660]  <debugvars>
[21:00:50.660]    __protocol=0x00010002   (Protocol="SWD", SWJ-DP="True")
[21:00:50.660]    __connection=0x00000202   (Connection Type="Flash", Reset Type="System Reset")
[21:00:50.660]    __dp=0x00000000
[21:00:50.660]    __ap=0x00000000
[21:00:50.660]    __traceout=0x00000000   (Trace Disabled)
[21:00:50.660]    __errorcontrol=0x00000000   (Skip Errors="False")
[21:00:50.660]    __FlashAddr=0x00000000
[21:00:50.660]    __FlashLen=0x00000000
[21:00:50.660]    __FlashArg=0x00000000
[21:00:50.660]    __FlashOp=0x00000000
[21:00:50.660]    __Result=0x00000000
[21:00:50.660]    DbgMCU_CR=0x00000007
[21:00:50.660]  </debugvars>
[21:00:50.660]  
[21:00:50.660]  <sequence name="DebugDeviceUnlock" Pname="" disable="false" info="">
[21:00:50.660]    <block atomic="false" info="">
[21:00:50.660]      Sequence("CheckID");
[21:00:50.660]        <sequence name="CheckID" Pname="" disable="false" info="">
[21:00:50.660]          <block atomic="false" info="">
[21:00:50.660]            __var pidr1 = 0;
[21:00:50.660]              // -> [pidr1 <= 0x00000000]
[21:00:50.661]            __var pidr2 = 0;
[21:00:50.661]              // -> [pidr2 <= 0x00000000]
[21:00:50.661]            __var jep106id = 0;
[21:00:50.661]              // -> [jep106id <= 0x00000000]
[21:00:50.661]            __var ROMTableBase = 0;
[21:00:50.661]              // -> [ROMTableBase <= 0x00000000]
[21:00:50.661]            __ap = 0;      // AHB-AP
[21:00:50.661]              // -> [__ap <= 0x00000000]
[21:00:50.661]            ROMTableBase = ReadAP(0xF8) & ~0x3;
[21:00:50.662]              // -> [ReadAP(0x000000F8) => 0xE00FF003] (__dp=0, __ap=0)
[21:00:50.663]              // -> [ROMTableBase <= 0xE00FF000]
[21:00:50.663]            pidr1 = Read32(ROMTableBase + 0x0FE4);
[21:00:50.666]              // -> [Read32(0xE00FFFE4) => 0x00000004] (__dp=0, __ap=0)
[21:00:50.666]              // -> [pidr1 <= 0x00000004]
[21:00:50.666]            pidr2 = Read32(ROMTableBase + 0x0FE8);
[21:00:50.668]              // -> [Read32(0xE00FFFE8) => 0x0000000A] (__dp=0, __ap=0)
[21:00:50.668]              // -> [pidr2 <= 0x0000000A]
[21:00:50.668]            jep106id = ((pidr2 & 0x7) << 4 ) | ((pidr1 >> 4) & 0xF);
[21:00:50.669]              // -> [jep106id <= 0x00000020]
[21:00:50.669]          </block>
[21:00:50.669]          <control if="jep106id != 0x20" while="" timeout="0" info="">
[21:00:50.669]            // if-block "jep106id != 0x20"
[21:00:50.669]              // =>  FALSE
[21:00:50.669]            // skip if-block "jep106id != 0x20"
[21:00:50.669]          </control>
[21:00:50.669]        </sequence>
[21:00:50.669]    </block>
[21:00:50.669]  </sequence>
[21:00:50.669]  
[21:00:50.717]  **********  Sequence "DebugCoreStart"  (Context="Connect", Pname="", info="")
[21:00:50.717]  
[21:00:50.718]  <debugvars>
[21:00:50.718]    __protocol=0x00010002   (Protocol="SWD", SWJ-DP="True")
[21:00:50.718]    __connection=0x00000202   (Connection Type="Flash", Reset Type="System Reset")
[21:00:50.718]    __dp=0x00000000
[21:00:50.718]    __ap=0x00000000
[21:00:50.718]    __traceout=0x00000000   (Trace Disabled)
[21:00:50.718]    __errorcontrol=0x00000000   (Skip Errors="False")
[21:00:50.718]    __FlashAddr=0x00000000
[21:00:50.718]    __FlashLen=0x00000000
[21:00:50.718]    __FlashArg=0x00000000
[21:00:50.718]    __FlashOp=0x00000000
[21:00:50.718]    __Result=0x00000000
[21:00:50.718]    DbgMCU_CR=0x00000007
[21:00:50.718]  </debugvars>
[21:00:50.718]  
[21:00:50.719]  <sequence name="DebugCoreStart" Pname="" disable="false" info="">
[21:00:50.719]    <block atomic="false" info="">
[21:00:50.719]      Write32(0xE000EDF0, 0xA05F0001);                                        // Enable Core Debug via DHCSR
[21:00:50.721]        // -> [Write32(0xE000EDF0, 0xA05F0001)] (__dp=0, __ap=0)
[21:00:50.721]      Write32(0xE0042004, DbgMCU_CR);                                         // DBGMCU_CR: Configure MCU Debug
[21:00:50.723]        // -> [Write32(0xE0042004, 0x00000007)] (__dp=0, __ap=0)
[21:00:50.723]    </block>
[21:00:50.723]  </sequence>
[21:00:50.723]  
