/*
 *  CMSIS Pack Debug Access Sequence Log
 *  File        : D:\我的工作台\RM2024\Robot_Control\MDK-ARM\Robot_Control_Sequences_0000.log
 *  Created     : 19:35:38 (12/01/2024)
 *  Device      : STM32F103C8
 *  PDSC File   : D:\FileData\Keil5\Keil_ARM\Keil\STM32F1xx_DFP\2.4.1\Keil.STM32F1xx_DFP.pdsc
 *  Config File : D:\我的工作台\RM2024\Robot_Control\MDK-ARM\DebugConfig\Robot_Control_STM32F103C8_1.0.0.dbgconf
 *
 */

[19:35:38.390]  **********  Sequence "DebugDeviceUnlock"  (Context="Connect", Pname="", info="")
[19:35:38.390]  
[19:35:38.390]  <debugvars>
[19:35:38.390]    __protocol=0x00010002   (Protocol="SWD", SWJ-DP="True")
[19:35:38.390]    __connection=0x00000202   (Connection Type="Flash", Reset Type="System Reset")
[19:35:38.390]    __dp=0x00000000
[19:35:38.390]    __ap=0x00000000
[19:35:38.390]    __traceout=0x00000000   (Trace Disabled)
[19:35:38.390]    __errorcontrol=0x00000000   (Skip Errors="False")
[19:35:38.390]    __FlashAddr=0x00000000
[19:35:38.390]    __FlashLen=0x00000000
[19:35:38.390]    __FlashArg=0x00000000
[19:35:38.390]    __FlashOp=0x00000000
[19:35:38.390]    __Result=0x00000000
[19:35:38.390]    DbgMCU_CR=0x00000007
[19:35:38.390]  </debugvars>
[19:35:38.390]  
[19:35:38.390]  <sequence name="DebugDeviceUnlock" Pname="" disable="false" info="">
[19:35:38.390]    <block atomic="false" info="">
[19:35:38.390]      Sequence("CheckID");
[19:35:38.391]        <sequence name="CheckID" Pname="" disable="false" info="">
[19:35:38.391]          <block atomic="false" info="">
[19:35:38.391]            __var pidr1 = 0;
[19:35:38.391]              // -> [pidr1 <= 0x00000000]
[19:35:38.391]            __var pidr2 = 0;
[19:35:38.391]              // -> [pidr2 <= 0x00000000]
[19:35:38.391]            __var jep106id = 0;
[19:35:38.391]              // -> [jep106id <= 0x00000000]
[19:35:38.391]            __var ROMTableBase = 0;
[19:35:38.391]              // -> [ROMTableBase <= 0x00000000]
[19:35:38.391]            __ap = 0;      // AHB-AP
[19:35:38.391]              // -> [__ap <= 0x00000000]
[19:35:38.391]            ROMTableBase = ReadAP(0xF8) & ~0x3;
[19:35:38.392]              // -> [ReadAP(0x000000F8) => 0xE00FF003] (__dp=0, __ap=0)
[19:35:38.392]              // -> [ROMTableBase <= 0xE00FF000]
[19:35:38.392]            pidr1 = Read32(ROMTableBase + 0x0FE4);
[19:35:38.395]              // -> [Read32(0xE00FFFE4) => 0x00000004] (__dp=0, __ap=0)
[19:35:38.396]              // -> [pidr1 <= 0x00000004]
[19:35:38.396]            pidr2 = Read32(ROMTableBase + 0x0FE8);
[19:35:38.399]              // -> [Read32(0xE00FFFE8) => 0x0000000A] (__dp=0, __ap=0)
[19:35:38.399]              // -> [pidr2 <= 0x0000000A]
[19:35:38.399]            jep106id = ((pidr2 & 0x7) << 4 ) | ((pidr1 >> 4) & 0xF);
[19:35:38.399]              // -> [jep106id <= 0x00000020]
[19:35:38.399]          </block>
[19:35:38.399]          <control if="jep106id != 0x20" while="" timeout="0" info="">
[19:35:38.399]            // if-block "jep106id != 0x20"
[19:35:38.399]              // =>  FALSE
[19:35:38.399]            // skip if-block "jep106id != 0x20"
[19:35:38.399]          </control>
[19:35:38.399]        </sequence>
[19:35:38.399]    </block>
[19:35:38.399]  </sequence>
[19:35:38.399]  
[19:35:38.440]  **********  Sequence "DebugCoreStart"  (Context="Connect", Pname="", info="")
[19:35:38.440]  
[19:35:38.441]  <debugvars>
[19:35:38.441]    __protocol=0x00010002   (Protocol="SWD", SWJ-DP="True")
[19:35:38.441]    __connection=0x00000202   (Connection Type="Flash", Reset Type="System Reset")
[19:35:38.441]    __dp=0x00000000
[19:35:38.441]    __ap=0x00000000
[19:35:38.441]    __traceout=0x00000000   (Trace Disabled)
[19:35:38.441]    __errorcontrol=0x00000000   (Skip Errors="False")
[19:35:38.441]    __FlashAddr=0x00000000
[19:35:38.441]    __FlashLen=0x00000000
[19:35:38.441]    __FlashArg=0x00000000
[19:35:38.441]    __FlashOp=0x00000000
[19:35:38.441]    __Result=0x00000000
[19:35:38.441]    DbgMCU_CR=0x00000007
[19:35:38.441]  </debugvars>
[19:35:38.441]  
[19:35:38.441]  <sequence name="DebugCoreStart" Pname="" disable="false" info="">
[19:35:38.441]    <block atomic="false" info="">
[19:35:38.441]      Write32(0xE000EDF0, 0xA05F0001);                                        // Enable Core Debug via DHCSR
[19:35:38.444]        // -> [Write32(0xE000EDF0, 0xA05F0001)] (__dp=0, __ap=0)
[19:35:38.444]      Write32(0xE0042004, DbgMCU_CR);                                         // DBGMCU_CR: Configure MCU Debug
[19:35:38.447]        // -> [Write32(0xE0042004, 0x00000007)] (__dp=0, __ap=0)
[19:35:38.447]    </block>
[19:35:38.447]  </sequence>
[19:35:38.447]  
[19:35:41.906]  **********  Sequence "DebugDeviceUnlock"  (Context="Connect", Pname="", info="")
[19:35:41.906]  
[19:35:41.907]  <debugvars>
[19:35:41.907]    __protocol=0x00010002   (Protocol="SWD", SWJ-DP="True")
[19:35:41.907]    __connection=0x00000202   (Connection Type="Flash", Reset Type="System Reset")
[19:35:41.907]    __dp=0x00000000
[19:35:41.907]    __ap=0x00000000
[19:35:41.907]    __traceout=0x00000000   (Trace Disabled)
[19:35:41.907]    __errorcontrol=0x00000000   (Skip Errors="False")
[19:35:41.907]    __FlashAddr=0x00000000
[19:35:41.907]    __FlashLen=0x00000000
[19:35:41.907]    __FlashArg=0x00000000
[19:35:41.907]    __FlashOp=0x00000000
[19:35:41.907]    __Result=0x00000000
[19:35:41.908]    DbgMCU_CR=0x00000007
[19:35:41.908]  </debugvars>
[19:35:41.908]  
[19:35:41.908]  <sequence name="DebugDeviceUnlock" Pname="" disable="false" info="">
[19:35:41.908]    <block atomic="false" info="">
[19:35:41.908]      Sequence("CheckID");
[19:35:41.908]        <sequence name="CheckID" Pname="" disable="false" info="">
[19:35:41.908]          <block atomic="false" info="">
[19:35:41.908]            __var pidr1 = 0;
[19:35:41.908]              // -> [pidr1 <= 0x00000000]
[19:35:41.908]            __var pidr2 = 0;
[19:35:41.908]              // -> [pidr2 <= 0x00000000]
[19:35:41.908]            __var jep106id = 0;
[19:35:41.908]              // -> [jep106id <= 0x00000000]
[19:35:41.908]            __var ROMTableBase = 0;
[19:35:41.908]              // -> [ROMTableBase <= 0x00000000]
[19:35:41.908]            __ap = 0;      // AHB-AP
[19:35:41.909]              // -> [__ap <= 0x00000000]
[19:35:41.909]            ROMTableBase = ReadAP(0xF8) & ~0x3;
[19:35:41.910]              // -> [ReadAP(0x000000F8) => 0xE00FF003] (__dp=0, __ap=0)
[19:35:41.910]              // -> [ROMTableBase <= 0xE00FF000]
[19:35:41.910]            pidr1 = Read32(ROMTableBase + 0x0FE4);
[19:35:41.914]              // -> [Read32(0xE00FFFE4) => 0x00000004] (__dp=0, __ap=0)
[19:35:41.914]              // -> [pidr1 <= 0x00000004]
[19:35:41.914]            pidr2 = Read32(ROMTableBase + 0x0FE8);
[19:35:41.916]              // -> [Read32(0xE00FFFE8) => 0x0000000A] (__dp=0, __ap=0)
[19:35:41.916]              // -> [pidr2 <= 0x0000000A]
[19:35:41.917]            jep106id = ((pidr2 & 0x7) << 4 ) | ((pidr1 >> 4) & 0xF);
[19:35:41.917]              // -> [jep106id <= 0x00000020]
[19:35:41.917]          </block>
[19:35:41.917]          <control if="jep106id != 0x20" while="" timeout="0" info="">
[19:35:41.917]            // if-block "jep106id != 0x20"
[19:35:41.917]              // =>  FALSE
[19:35:41.917]            // skip if-block "jep106id != 0x20"
[19:35:41.917]          </control>
[19:35:41.917]        </sequence>
[19:35:41.917]    </block>
[19:35:41.917]  </sequence>
[19:35:41.917]  
[19:35:41.961]  **********  Sequence "DebugCoreStart"  (Context="Connect", Pname="", info="")
[19:35:41.961]  
[19:35:41.961]  <debugvars>
[19:35:41.961]    __protocol=0x00010002   (Protocol="SWD", SWJ-DP="True")
[19:35:41.961]    __connection=0x00000202   (Connection Type="Flash", Reset Type="System Reset")
[19:35:41.961]    __dp=0x00000000
[19:35:41.961]    __ap=0x00000000
[19:35:41.961]    __traceout=0x00000000   (Trace Disabled)
[19:35:41.961]    __errorcontrol=0x00000000   (Skip Errors="False")
[19:35:41.961]    __FlashAddr=0x00000000
[19:35:41.961]    __FlashLen=0x00000000
[19:35:41.961]    __FlashArg=0x00000000
[19:35:41.961]    __FlashOp=0x00000000
[19:35:41.961]    __Result=0x00000000
[19:35:41.961]    DbgMCU_CR=0x00000007
[19:35:41.962]  </debugvars>
[19:35:41.962]  
[19:35:41.962]  <sequence name="DebugCoreStart" Pname="" disable="false" info="">
[19:35:41.962]    <block atomic="false" info="">
[19:35:41.962]      Write32(0xE000EDF0, 0xA05F0001);                                        // Enable Core Debug via DHCSR
[19:35:41.964]        // -> [Write32(0xE000EDF0, 0xA05F0001)] (__dp=0, __ap=0)
[19:35:41.964]      Write32(0xE0042004, DbgMCU_CR);                                         // DBGMCU_CR: Configure MCU Debug
[19:35:41.966]        // -> [Write32(0xE0042004, 0x00000007)] (__dp=0, __ap=0)
[19:35:41.966]    </block>
[19:35:41.966]  </sequence>
[19:35:41.966]  
