/*
 *  CMSIS Pack Debug Access Sequence Log
 *  File        : D:\我的工作台\RM2024\Robot_Control\MDK-ARM\Robot_Control_Sequences_0006.log
 *  Created     : 11:07:38 (13/01/2024)
 *  Device      : STM32F103C8
 *  PDSC File   : D:\FileData\Keil5\Keil_ARM\Keil\STM32F1xx_DFP\2.4.1\Keil.STM32F1xx_DFP.pdsc
 *  Config File : D:\我的工作台\RM2024\Robot_Control\MDK-ARM\DebugConfig\Robot_Control_STM32F103C8_1.0.0.dbgconf
 *
 */

[11:07:38.613]  **********  Sequence "DebugDeviceUnlock"  (Context="Connect", Pname="", info="")
[11:07:38.613]  
[11:07:38.615]  <debugvars>
[11:07:38.615]    __protocol=0x00010002   (Protocol="SWD", SWJ-DP="True")
[11:07:38.615]    __connection=0x00000202   (Connection Type="Flash", Reset Type="System Reset")
[11:07:38.615]    __dp=0x00000000
[11:07:38.615]    __ap=0x00000000
[11:07:38.615]    __traceout=0x00000000   (Trace Disabled)
[11:07:38.615]    __errorcontrol=0x00000000   (Skip Errors="False")
[11:07:38.615]    __FlashAddr=0x00000000
[11:07:38.615]    __FlashLen=0x00000000
[11:07:38.615]    __FlashArg=0x00000000
[11:07:38.615]    __FlashOp=0x00000000
[11:07:38.615]    __Result=0x00000000
[11:07:38.615]    DbgMCU_CR=0x00000007
[11:07:38.615]  </debugvars>
[11:07:38.615]  
[11:07:38.615]  <sequence name="DebugDeviceUnlock" Pname="" disable="false" info="">
[11:07:38.615]    <block atomic="false" info="">
[11:07:38.615]      Sequence("CheckID");
[11:07:38.615]        <sequence name="CheckID" Pname="" disable="false" info="">
[11:07:38.615]          <block atomic="false" info="">
[11:07:38.615]            __var pidr1 = 0;
[11:07:38.615]              // -> [pidr1 <= 0x00000000]
[11:07:38.615]            __var pidr2 = 0;
[11:07:38.615]              // -> [pidr2 <= 0x00000000]
[11:07:38.615]            __var jep106id = 0;
[11:07:38.615]              // -> [jep106id <= 0x00000000]
[11:07:38.616]            __var ROMTableBase = 0;
[11:07:38.616]              // -> [ROMTableBase <= 0x00000000]
[11:07:38.616]            __ap = 0;      // AHB-AP
[11:07:38.616]              // -> [__ap <= 0x00000000]
[11:07:38.616]            ROMTableBase = ReadAP(0xF8) & ~0x3;
[11:07:38.617]              // -> [ReadAP(0x000000F8) => 0xE00FF003] (__dp=0, __ap=0)
[11:07:38.618]              // -> [ROMTableBase <= 0xE00FF000]
[11:07:38.618]            pidr1 = Read32(ROMTableBase + 0x0FE4);
[11:07:38.621]              // -> [Read32(0xE00FFFE4) => 0x00000004] (__dp=0, __ap=0)
[11:07:38.621]              // -> [pidr1 <= 0x00000004]
[11:07:38.621]            pidr2 = Read32(ROMTableBase + 0x0FE8);
[11:07:38.624]              // -> [Read32(0xE00FFFE8) => 0x0000000A] (__dp=0, __ap=0)
[11:07:38.624]              // -> [pidr2 <= 0x0000000A]
[11:07:38.624]            jep106id = ((pidr2 & 0x7) << 4 ) | ((pidr1 >> 4) & 0xF);
[11:07:38.624]              // -> [jep106id <= 0x00000020]
[11:07:38.624]          </block>
[11:07:38.624]          <control if="jep106id != 0x20" while="" timeout="0" info="">
[11:07:38.624]            // if-block "jep106id != 0x20"
[11:07:38.624]              // =>  FALSE
[11:07:38.624]            // skip if-block "jep106id != 0x20"
[11:07:38.624]          </control>
[11:07:38.624]        </sequence>
[11:07:38.624]    </block>
[11:07:38.624]  </sequence>
[11:07:38.624]  
[11:07:38.666]  **********  Sequence "DebugCoreStart"  (Context="Connect", Pname="", info="")
[11:07:38.666]  
[11:07:38.666]  <debugvars>
[11:07:38.666]    __protocol=0x00010002   (Protocol="SWD", SWJ-DP="True")
[11:07:38.666]    __connection=0x00000202   (Connection Type="Flash", Reset Type="System Reset")
[11:07:38.666]    __dp=0x00000000
[11:07:38.666]    __ap=0x00000000
[11:07:38.667]    __traceout=0x00000000   (Trace Disabled)
[11:07:38.667]    __errorcontrol=0x00000000   (Skip Errors="False")
[11:07:38.667]    __FlashAddr=0x00000000
[11:07:38.667]    __FlashLen=0x00000000
[11:07:38.667]    __FlashArg=0x00000000
[11:07:38.667]    __FlashOp=0x00000000
[11:07:38.667]    __Result=0x00000000
[11:07:38.667]    DbgMCU_CR=0x00000007
[11:07:38.667]  </debugvars>
[11:07:38.667]  
[11:07:38.667]  <sequence name="DebugCoreStart" Pname="" disable="false" info="">
[11:07:38.667]    <block atomic="false" info="">
[11:07:38.667]      Write32(0xE000EDF0, 0xA05F0001);                                        // Enable Core Debug via DHCSR
[11:07:38.670]        // -> [Write32(0xE000EDF0, 0xA05F0001)] (__dp=0, __ap=0)
[11:07:38.670]      Write32(0xE0042004, DbgMCU_CR);                                         // DBGMCU_CR: Configure MCU Debug
[11:07:38.672]        // -> [Write32(0xE0042004, 0x00000007)] (__dp=0, __ap=0)
[11:07:38.673]    </block>
[11:07:38.673]  </sequence>
[11:07:38.673]  
[11:07:42.723]  **********  Sequence "DebugDeviceUnlock"  (Context="Connect", Pname="", info="")
[11:07:42.723]  
[11:07:42.724]  <debugvars>
[11:07:42.724]    __protocol=0x00010002   (Protocol="SWD", SWJ-DP="True")
[11:07:42.724]    __connection=0x00000201   (Connection Type="Debug", Reset Type="System Reset")
[11:07:42.724]    __dp=0x00000000
[11:07:42.724]    __ap=0x00000000
[11:07:42.724]    __traceout=0x00000000   (Trace Disabled)
[11:07:42.724]    __errorcontrol=0x00000000   (Skip Errors="False")
[11:07:42.724]    __FlashAddr=0x00000000
[11:07:42.724]    __FlashLen=0x00000000
[11:07:42.724]    __FlashArg=0x00000000
[11:07:42.724]    __FlashOp=0x00000000
[11:07:42.724]    __Result=0x00000000
[11:07:42.724]    DbgMCU_CR=0x00000007
[11:07:42.724]  </debugvars>
[11:07:42.724]  
[11:07:42.724]  <sequence name="DebugDeviceUnlock" Pname="" disable="false" info="">
[11:07:42.724]    <block atomic="false" info="">
[11:07:42.724]      Sequence("CheckID");
[11:07:42.724]        <sequence name="CheckID" Pname="" disable="false" info="">
[11:07:42.724]          <block atomic="false" info="">
[11:07:42.724]            __var pidr1 = 0;
[11:07:42.724]              // -> [pidr1 <= 0x00000000]
[11:07:42.724]            __var pidr2 = 0;
[11:07:42.724]              // -> [pidr2 <= 0x00000000]
[11:07:42.724]            __var jep106id = 0;
[11:07:42.724]              // -> [jep106id <= 0x00000000]
[11:07:42.725]            __var ROMTableBase = 0;
[11:07:42.725]              // -> [ROMTableBase <= 0x00000000]
[11:07:42.725]            __ap = 0;      // AHB-AP
[11:07:42.725]              // -> [__ap <= 0x00000000]
[11:07:42.725]            ROMTableBase = ReadAP(0xF8) & ~0x3;
[11:07:42.727]              // -> [ReadAP(0x000000F8) => 0xE00FF003] (__dp=0, __ap=0)
[11:07:42.727]              // -> [ROMTableBase <= 0xE00FF000]
[11:07:42.727]            pidr1 = Read32(ROMTableBase + 0x0FE4);
[11:07:42.730]              // -> [Read32(0xE00FFFE4) => 0x00000004] (__dp=0, __ap=0)
[11:07:42.730]              // -> [pidr1 <= 0x00000004]
[11:07:42.730]            pidr2 = Read32(ROMTableBase + 0x0FE8);
[11:07:42.733]              // -> [Read32(0xE00FFFE8) => 0x0000000A] (__dp=0, __ap=0)
[11:07:42.733]              // -> [pidr2 <= 0x0000000A]
[11:07:42.733]            jep106id = ((pidr2 & 0x7) << 4 ) | ((pidr1 >> 4) & 0xF);
[11:07:42.733]              // -> [jep106id <= 0x00000020]
[11:07:42.733]          </block>
[11:07:42.733]          <control if="jep106id != 0x20" while="" timeout="0" info="">
[11:07:42.733]            // if-block "jep106id != 0x20"
[11:07:42.733]              // =>  FALSE
[11:07:42.733]            // skip if-block "jep106id != 0x20"
[11:07:42.733]          </control>
[11:07:42.733]        </sequence>
[11:07:42.733]    </block>
[11:07:42.733]  </sequence>
[11:07:42.734]  
[11:07:42.777]  **********  Sequence "DebugCoreStart"  (Context="Connect", Pname="", info="")
[11:07:42.777]  
[11:07:42.777]  <debugvars>
[11:07:42.777]    __protocol=0x00010002   (Protocol="SWD", SWJ-DP="True")
[11:07:42.777]    __connection=0x00000201   (Connection Type="Debug", Reset Type="System Reset")
[11:07:42.777]    __dp=0x00000000
[11:07:42.777]    __ap=0x00000000
[11:07:42.777]    __traceout=0x00000000   (Trace Disabled)
[11:07:42.777]    __errorcontrol=0x00000000   (Skip Errors="False")
[11:07:42.777]    __FlashAddr=0x00000000
[11:07:42.778]    __FlashLen=0x00000000
[11:07:42.778]    __FlashArg=0x00000000
[11:07:42.778]    __FlashOp=0x00000000
[11:07:42.778]    __Result=0x00000000
[11:07:42.778]    DbgMCU_CR=0x00000007
[11:07:42.778]  </debugvars>
[11:07:42.778]  
[11:07:42.778]  <sequence name="DebugCoreStart" Pname="" disable="false" info="">
[11:07:42.778]    <block atomic="false" info="">
[11:07:42.778]      Write32(0xE000EDF0, 0xA05F0001);                                        // Enable Core Debug via DHCSR
[11:07:42.781]        // -> [Write32(0xE000EDF0, 0xA05F0001)] (__dp=0, __ap=0)
[11:07:42.781]      Write32(0xE0042004, DbgMCU_CR);                                         // DBGMCU_CR: Configure MCU Debug
[11:07:42.783]        // -> [Write32(0xE0042004, 0x00000007)] (__dp=0, __ap=0)
[11:07:42.783]    </block>
[11:07:42.783]  </sequence>
[11:07:42.783]  
